<html>
<body>
<pre>
<h1>µVision Build Log</h1>
<h2>Tool Versions:</h2>
IDE-Version: µVision V5.38.0.0
Copyright (C) 2022 ARM Ltd and ARM Germany GmbH. All rights reserved.
License Information: Thinh Le, ABC, LIC=----
 
Tool Versions:
Toolchain:       MDK-Lite  Version: 5.38.0.0
Toolchain Path:  C:\Keil_v5\ARM\ARMCLANG\Bin
C Compiler:      ArmClang.exe V6.19
Assembler:       Armasm.exe V6.19
Linker/Locator:  ArmLink.exe V6.19
Library Manager: ArmAr.exe V6.19
Hex Converter:   FromElf.exe V6.19
CPU DLL:         SARMCM3.DLL V5.38.0.0
Dialog DLL:      DCM.DLL V1.17.5.0
Target DLL:      PEMicro\Pemicro_ArmCortexInterface.dll V1.3.0.0
Dialog DLL:      TCM.DLL V1.56.4.0
 
<h2>Project:</h2>
C:\Users\thinh\OneDrive\Desktop\MCP\Emb08_MOCK_LeHuuThinh\EMB08_MOCK_LeHuuThinh.uvprojx
Project File Date:  12/13/2023

<h2>Output:</h2>
*** Using Compiler 'V6.19', folder: 'C:\Keil_v5\ARM\ARMCLANG\Bin'
Build target 'Target 1'
Source/main.c(411): warning: passing 'volatile char[255]' to parameter of type 'void *' discards qualifiers [-Wincompatible-pointer-types-discards-qualifiers]
                                                memset(rxBuffer, 0, sizeof(rxBuffer));                                  
                                                       ^~~~~~~~
C:\Keil_v5\ARM\ARMCLANG\Bin\..\include\string.h(321): note: passing argument to parameter here
extern _ARMABI void *memset(void * /*s*/, int /*c*/, size_t /*n*/) __attribute__((__nonnull__(1)));
                                        ^
Source/main.c(421): warning: passing 'volatile char[255]' to parameter of type 'const char *' discards qualifiers [-Wincompatible-pointer-types-discards-qualifiers]
                                int result = sscanf(rxBuffer, "%c%d%c%d%c%d%c",&char_01, &num01, &char_02, &num02, &char_03, &num03, &char_04);
                                                    ^~~~~~~~
C:\Keil_v5\ARM\ARMCLANG\Bin\..\include\stdio.h(529): note: passing argument to parameter here
extern _ARMABI int sscanf(const char * __restrict /*s*/,
                                                       ^
Source/main.c(433): warning: passing 'volatile char[255]' to parameter of type 'void *' discards qualifiers [-Wincompatible-pointer-types-discards-qualifiers]
                                                memset(rxBuffer, 0, sizeof(rxBuffer));
                                                       ^~~~~~~~
C:\Keil_v5\ARM\ARMCLANG\Bin\..\include\string.h(321): note: passing argument to parameter here
extern _ARMABI void *memset(void * /*s*/, int /*c*/, size_t /*n*/) __attribute__((__nonnull__(1)));
                                        ^
Source/main.c(442): warning: implicit conversion loses integer precision: 'uint32_t' (aka 'unsigned int') to 'uint8_t' (aka 'unsigned char') [-Wimplicit-int-conversion]
                                                                hour     = num01;                               
                                                                         ~ ^~~~~
Source/main.c(443): warning: implicit conversion loses integer precision: 'uint32_t' (aka 'unsigned int') to 'uint8_t' (aka 'unsigned char') [-Wimplicit-int-conversion]
                                                                minute = num02;
                                                                       ~ ^~~~~
Source/main.c(444): warning: implicit conversion loses integer precision: 'uint32_t' (aka 'unsigned int') to 'uint8_t' (aka 'unsigned char') [-Wimplicit-int-conversion]
                                                                second = num03;
                                                                       ~ ^~~~~
Source/main.c(452): warning: implicit conversion loses integer precision: 'uint32_t' (aka 'unsigned int') to 'uint16_t' (aka 'unsigned short') [-Wimplicit-int-conversion]
                                                                                                                uint32_t day_temp = isLeapYear(num03)?1:0;
                                                                                                                                    ~~~~~~~~~~ ^~~~~
Source/main.c(456): warning: implicit conversion loses integer precision: 'uint32_t' (aka 'unsigned int') to 'uint8_t' (aka 'unsigned char') [-Wimplicit-int-conversion]
                                                                                                                        day             =num01;
                                                                                                                                        ~^~~~~
Source/main.c(457): warning: implicit conversion loses integer precision: 'uint32_t' (aka 'unsigned int') to 'uint8_t' (aka 'unsigned char') [-Wimplicit-int-conversion]
                                                                                                                        month   =num02;
                                                                                                                                ~^~~~~
Source/main.c(458): warning: implicit conversion loses integer precision: 'uint32_t' (aka 'unsigned int') to 'uint16_t' (aka 'unsigned short') [-Wimplicit-int-conversion]
                                                                                                                        year    =num03;
                                                                                                                                ~^~~~~
Source/main.c(463): warning: implicit conversion loses integer precision: 'uint32_t' (aka 'unsigned int') to 'uint8_t' (aka 'unsigned char') [-Wimplicit-int-conversion]
                                                                                                                        day             =num01;
                                                                                                                                        ~^~~~~
Source/main.c(464): warning: implicit conversion loses integer precision: 'uint32_t' (aka 'unsigned int') to 'uint8_t' (aka 'unsigned char') [-Wimplicit-int-conversion]
                                                                                                                        month   =num02;
                                                                                                                                ~^~~~~
Source/main.c(465): warning: implicit conversion loses integer precision: 'uint32_t' (aka 'unsigned int') to 'uint16_t' (aka 'unsigned short') [-Wimplicit-int-conversion]
                                                                                                                        year    =num03;
                                                                                                                                ~^~~~~
Source/main.c(470): warning: implicit conversion loses integer precision: 'uint32_t' (aka 'unsigned int') to 'uint8_t' (aka 'unsigned char') [-Wimplicit-int-conversion]
                                                                                                                        day     =num01;
                                                                                                                                ~^~~~~
Source/main.c(471): warning: implicit conversion loses integer precision: 'uint32_t' (aka 'unsigned int') to 'uint8_t' (aka 'unsigned char') [-Wimplicit-int-conversion]
                                                                                                                        month   =num02;
                                                                                                                                ~^~~~~
Source/main.c(472): warning: implicit conversion loses integer precision: 'uint32_t' (aka 'unsigned int') to 'uint16_t' (aka 'unsigned short') [-Wimplicit-int-conversion]
                                                                                                                        year    =num03;
                                                                                                                                ~^~~~~
Source/main.c(481): warning: implicit conversion loses integer precision: 'uint32_t' (aka 'unsigned int') to 'uint8_t' (aka 'unsigned char') [-Wimplicit-int-conversion]
                                                                                hour_alarm       = num01;                               
                                                                                                 ~ ^~~~~
Source/main.c(482): warning: implicit conversion loses integer precision: 'uint32_t' (aka 'unsigned int') to 'uint8_t' (aka 'unsigned char') [-Wimplicit-int-conversion]
                                                                                minute_alarm = num02;
                                                                                             ~ ^~~~~
Source/main.c(483): warning: implicit conversion loses integer precision: 'uint32_t' (aka 'unsigned int') to 'uint8_t' (aka 'unsigned char') [-Wimplicit-int-conversion]
                                                                                second_alarm = num03;
                                                                                             ~ ^~~~~
Source/main.c(490): warning: passing 'volatile char[255]' to parameter of type 'void *' discards qualifiers [-Wincompatible-pointer-types-discards-qualifiers]
                                                        memset(rxBuffer, 0, sizeof(rxBuffer));
                                                               ^~~~~~~~
C:\Keil_v5\ARM\ARMCLANG\Bin\..\include\string.h(321): note: passing argument to parameter here
extern _ARMABI void *memset(void * /*s*/, int /*c*/, size_t /*n*/) __attribute__((__nonnull__(1)));
                                        ^
20 warnings generated.
compiling main.c...
linking...
Program Size: Code=15864 RO-data=1216 RW-data=16 ZI-data=3452  
".\Objects\HW5_LeHuuThinh.axf" - 0 Error(s), 20 Warning(s).

<h2>Software Packages used:</h2>

Package Vendor: ARM
                http://www.keil.com/pack/ARM.CMSIS.5.9.0.pack
                ARM.CMSIS.5.9.0
                CMSIS (Common Microcontroller Software Interface Standard)
   * Component: CORE Version: 5.6.0

Package Vendor: Keil
                http://www.keil.com/pack/Keil.S32_SDK_DFP.1.5.0.pack
                Keil.S32_SDK_DFP.1.5.0
                NXP S32 SDK S32K14x Device Support
   * Component: Startup Version: 2.0.0

<h2>Collection of Component include folders:</h2>
  ./RTE/Device/S32K144HAxxxLLx
  ./RTE/_Target_1
  C:/Users/thinh/AppData/Local/Arm/Packs/ARM/CMSIS/5.9.0/CMSIS/Core/Include
  C:/Users/thinh/AppData/Local/Arm/Packs/Keil/S32_SDK_DFP/1.5.0/platform/devices
  C:/Users/thinh/AppData/Local/Arm/Packs/Keil/S32_SDK_DFP/1.5.0/platform/devices/common

<h2>Collection of Component Files used:</h2>

   * Component: ARM::CMSIS:CORE:5.6.0

   * Component: Keil::Device:Startup:2.0.0
      Source file:   platform/devices/S32K144/startup/armc/startup_S32K144.S
      Include file:  platform/devices/S32K144/startup/system_S32K144.h
      Include file:  platform/devices/device_registers.h
      Source file:   platform/devices/S32K144/startup/system_S32K144.c
      Source file:   platform/devices/startup.c
Build Time Elapsed:  00:00:02
</pre>
</body>
</html>
