Component: Arm Compiler for Embedded 6.19 Tool: armlink [5e73cb00]

==============================================================================

Section Cross References

    main.o(.text.main) refers to nvic.o(.text.nvic_enable_interrupt) for nvic_enable_interrupt
    main.o(.text.main) refers to scg.o(.text.scg_spll_config) for scg_spll_config
    main.o(.text.main) refers to main.o(.text.PORT_init) for PORT_init
    main.o(.text.main) refers to main.o(.text.PORT_init_LPSPI) for PORT_init_LPSPI
    main.o(.text.main) refers to main.o(.text.PORT_D_GREEN_LED) for PORT_D_GREEN_LED
    main.o(.text.main) refers to lpspi.o(.text.LPSPI_init) for LPSPI_init
    main.o(.text.main) refers to lpuart.o(.text.LPUART1_init_MOCK) for LPUART1_init_MOCK
    main.o(.text.main) refers to lpit.o(.text.LPIT_init_MOCK) for LPIT_init_MOCK
    main.o(.text.main) refers to main.o(.text.PORT_C_switch_PIN12_13) for PORT_C_switch_PIN12_13
    main.o(.text.main) refers to lpspi.o(.text.LPSPI0_transmit_mode_16bits) for LPSPI0_transmit_mode_16bits
    main.o(.text.main) refers to main.o(.rodata.str1.1) for .L.str
    main.o(.text.main) refers to lpuart.o(.text.LPUART1_transmit_string) for LPUART1_transmit_string
    main.o(.text.main) refers to main.o(.text.process_UART) for process_UART
    main.o(.text.main) refers to main.o(.bss.state_day_or_hour) for state_day_or_hour
    main.o(.text.main) refers to main.o(.data.normal_state) for normal_state
    main.o(.text.main) refers to main.o(.data.hour) for hour
    main.o(.text.main) refers to main.o(.bss.minute) for minute
    main.o(.text.main) refers to main.o(.bss.second) for second
    main.o(.text.main) refers to lpspi.o(.text.LPSPI0_hour_m_s) for LPSPI0_hour_m_s
    main.o(.text.main) refers to main.o(.data.day) for day
    main.o(.text.main) refers to main.o(.data.month) for month
    main.o(.text.main) refers to main.o(.data.year) for year
    main.o(.text.main) refers to lpspi.o(.text.LPSPI0_year_m_d) for LPSPI0_year_m_d
    main.o(.text.main) refers to main.o(.bss.hour_alarm) for hour_alarm
    main.o(.text.main) refers to main.o(.bss.minute_alarm) for minute_alarm
    main.o(.text.main) refers to main.o(.data.second_alarm) for second_alarm
    main.o(.text.main) refers to main.o(.text.process_Normal_state) for process_Normal_state
    main.o(.text.main) refers to main.o(.bss.wakeup_alarm) for wakeup_alarm
    main.o(.text.main) refers to delay.o(.text.delay_ms) for delay_ms
    main.o(.ARM.exidx.text.main) refers to main.o(.text.main) for [Anonymous Symbol]
    main.o(.ARM.exidx.text.PORT_init) refers to main.o(.text.PORT_init) for [Anonymous Symbol]
    main.o(.ARM.exidx.text.PORT_init_LPSPI) refers to main.o(.text.PORT_init_LPSPI) for [Anonymous Symbol]
    main.o(.ARM.exidx.text.PORT_D_GREEN_LED) refers to main.o(.text.PORT_D_GREEN_LED) for [Anonymous Symbol]
    main.o(.ARM.exidx.text.PORT_C_switch_PIN12_13) refers to main.o(.text.PORT_C_switch_PIN12_13) for [Anonymous Symbol]
    main.o(.text.process_UART) refers to main.o(.bss.rxBuffer) for rxBuffer
    main.o(.text.process_UART) refers to main.o(.bss.rxIndex) for rxIndex
    main.o(.text.process_UART) refers to rt_memclr.o(.text) for __aeabi_memclr
    main.o(.text.process_UART) refers to main.o(.rodata.str1.1) for .L.str.4
    main.o(.text.process_UART) refers to sscanf.o(.text) for sscanf
    main.o(.text.process_UART) refers to main.o(.bss.char_count) for char_count
    main.o(.text.process_UART) refers to main.o(.data.hour) for hour
    main.o(.text.process_UART) refers to main.o(.bss.minute) for minute
    main.o(.text.process_UART) refers to main.o(.bss.second) for second
    main.o(.text.process_UART) refers to main.o(.text.isLeapYear) for isLeapYear
    main.o(.text.process_UART) refers to main.o(.data.day) for day
    main.o(.text.process_UART) refers to main.o(.data.month) for month
    main.o(.text.process_UART) refers to main.o(.data.year) for year
    main.o(.text.process_UART) refers to main.o(.bss.hour_alarm) for hour_alarm
    main.o(.text.process_UART) refers to main.o(.bss.minute_alarm) for minute_alarm
    main.o(.text.process_UART) refers to main.o(.data.second_alarm) for second_alarm
    main.o(.ARM.exidx.text.process_UART) refers to main.o(.text.process_UART) for [Anonymous Symbol]
    main.o(.text.process_Normal_state) refers to main.o(.bss.second) for second
    main.o(.text.process_Normal_state) refers to main.o(.bss.minute) for minute
    main.o(.text.process_Normal_state) refers to main.o(.data.hour) for hour
    main.o(.text.process_Normal_state) refers to main.o(.data.day) for day
    main.o(.text.process_Normal_state) refers to main.o(.data.month) for month
    main.o(.text.process_Normal_state) refers to main.o(.data.year) for year
    main.o(.text.process_Normal_state) refers to main.o(.text.isLeapYear) for isLeapYear
    main.o(.text.process_Normal_state) refers to main.o(.bss.daysInMonth) for daysInMonth
[...]
    c$$dinf                                  0x00000534   Section        8  fpconst.o(c$$dinf)
    c$$dmax                                  0x0000053c   Section        8  fpconst.o(c$$dmax)
    locale$$data                             0x00000544   Section       28  lc_numeric_c.o(locale$$data)
    __lcnum_c_name                           0x00000548   Data           2  lc_numeric_c.o(locale$$data)
    __lcnum_c_start                          0x00000550   Data           0  lc_numeric_c.o(locale$$data)
    __lcnum_c_point                          0x0000055c   Data           0  lc_numeric_c.o(locale$$data)
    __lcnum_c_thousands                      0x0000055e   Data           0  lc_numeric_c.o(locale$$data)
    __lcnum_c_grouping                       0x0000055f   Data           0  lc_numeric_c.o(locale$$data)
    __lcnum_c_end                            0x00000560   Data           0  lc_numeric_c.o(locale$$data)
    locale$$data                             0x00000560   Section      272  lc_ctype_c.o(locale$$data)
    __lcctype_c_name                         0x00000564   Data           2  lc_ctype_c.o(locale$$data)
    __lcctype_c_start                        0x0000056c   Data           0  lc_ctype_c.o(locale$$data)
    __lcctype_c_end                          0x00000670   Data           0  lc_ctype_c.o(locale$$data)
    !!!main                                  0x00000670   Section        8  __main.o(!!!main)
    !!!scatter                               0x00000678   Section       52  __scatter.o(!!!scatter)
    !!handler_copy                           0x000006ac   Section       26  __scatter_copy.o(!!handler_copy)
    !!handler_zi                             0x000006c8   Section       28  __scatter_zi.o(!!handler_zi)
    .ARM.Collect$$libinit$$00000000          0x000006e4   Section        2  libinit.o(.ARM.Collect$$libinit$$00000000)
    .ARM.Collect$$libinit$$00000001          0x000006e6   Section        4  libinit2.o(.ARM.Collect$$libinit$$00000001)
    .ARM.Collect$$libinit$$00000004          0x000006ea   Section        0  libinit2.o(.ARM.Collect$$libinit$$00000004)
    .ARM.Collect$$libinit$$00000006          0x000006ea   Section        0  libinit2.o(.ARM.Collect$$libinit$$00000006)
    .ARM.Collect$$libinit$$0000000C          0x000006ea   Section        0  libinit2.o(.ARM.Collect$$libinit$$0000000C)
    .ARM.Collect$$libinit$$0000000E          0x000006ea   Section        0  libinit2.o(.ARM.Collect$$libinit$$0000000E)
    .ARM.Collect$$libinit$$00000010          0x000006ea   Section        0  libinit2.o(.ARM.Collect$$libinit$$00000010)
    .ARM.Collect$$libinit$$00000011          0x000006ea   Section        6  libinit2.o(.ARM.Collect$$libinit$$00000011)
    .ARM.Collect$$libinit$$00000013          0x000006f0   Section        0  libinit2.o(.ARM.Collect$$libinit$$00000013)
    .ARM.Collect$$libinit$$00000014          0x000006f0   Section       12  libinit2.o(.ARM.Collect$$libinit$$00000014)
    .ARM.Collect$$libinit$$00000015          0x000006fc   Section        0  libinit2.o(.ARM.Collect$$libinit$$00000015)
    .ARM.Collect$$libinit$$00000017          0x000006fc   Section        0  libinit2.o(.ARM.Collect$$libinit$$00000017)
    .ARM.Collect$$libinit$$00000018          0x000006fc   Section       10  libinit2.o(.ARM.Collect$$libinit$$00000018)
    .ARM.Collect$$libinit$$00000019          0x00000706   Section        0  libinit2.o(.ARM.Collect$$libinit$$00000019)
    .ARM.Collect$$libinit$$0000001B          0x00000706   Section        0  libinit2.o(.ARM.Collect$$libinit$$0000001B)
    .ARM.Collect$$libinit$$0000001D          0x00000706   Section        0  libinit2.o(.ARM.Collect$$libinit$$0000001D)
    .ARM.Collect$$libinit$$0000001F          0x00000706   Section        0  libinit2.o(.ARM.Collect$$libinit$$0000001F)
    .ARM.Collect$$libinit$$00000021          0x00000706   Section        0  libinit2.o(.ARM.Collect$$libinit$$00000021)
    .ARM.Collect$$libinit$$00000023          0x00000706   Section        0  libinit2.o(.ARM.Collect$$libinit$$00000023)
    .ARM.Collect$$libinit$$00000025          0x00000706   Section        0  libinit2.o(.ARM.Collect$$libinit$$00000025)
    .ARM.Collect$$libinit$$00000027          0x00000706   Section        0  libinit2.o(.ARM.Collect$$libinit$$00000027)
    .ARM.Collect$$libinit$$0000002E          0x00000706   Section        0  libinit2.o(.ARM.Collect$$libinit$$0000002E)
    .ARM.Collect$$libinit$$00000030          0x00000706   Section        0  libinit2.o(.ARM.Collect$$libinit$$00000030)
    .ARM.Collect$$libinit$$00000032          0x00000706   Section        0  libinit2.o(.ARM.Collect$$libinit$$00000032)
    .ARM.Collect$$libinit$$00000034          0x00000706   Section        0  libinit2.o(.ARM.Collect$$libinit$$00000034)
    .ARM.Collect$$libinit$$00000035          0x00000706   Section        2  libinit2.o(.ARM.Collect$$libinit$$00000035)
    .ARM.Collect$$libshutdown$$00000000      0x00000708   Section        2  libshutdown.o(.ARM.Collect$$libshutdown$$00000000)
    .ARM.Collect$$libshutdown$$00000002      0x0000070a   Section        0  libshutdown2.o(.ARM.Collect$$libshutdown$$00000002)
    .ARM.Collect$$libshutdown$$00000004      0x0000070a   Section        0  libshutdown2.o(.ARM.Collect$$libshutdown$$00000004)
    .ARM.Collect$$libshutdown$$00000007      0x0000070a   Section        0  libshutdown2.o(.ARM.Collect$$libshutdown$$00000007)
    .ARM.Collect$$libshutdown$$0000000A      0x0000070a   Section        0  libshutdown2.o(.ARM.Collect$$libshutdown$$0000000A)
    .ARM.Collect$$libshutdown$$0000000C      0x0000070a   Section        0  libshutdown2.o(.ARM.Collect$$libshutdown$$0000000C)
    .ARM.Collect$$libshutdown$$0000000F      0x0000070a   Section        0  libshutdown2.o(.ARM.Collect$$libshutdown$$0000000F)
    .ARM.Collect$$libshutdown$$00000010      0x0000070a   Section        2  libshutdown2.o(.ARM.Collect$$libshutdown$$00000010)
    .ARM.Collect$$rtentry$$00000000          0x0000070c   Section        0  __rtentry.o(.ARM.Collect$$rtentry$$00000000)
    .ARM.Collect$$rtentry$$00000002          0x0000070c   Section        0  __rtentry2.o(.ARM.Collect$$rtentry$$00000002)
    .ARM.Collect$$rtentry$$00000007          0x0000070c   Section        4  __rtentry7.o(.ARM.Collect$$rtentry$$00000007)
    .ARM.Collect$$rtentry$$00000009          0x00000710   Section        0  __rtentry2.o(.ARM.Collect$$rtentry$$00000009)
    .ARM.Collect$$rtentry$$0000000A          0x00000710   Section        4  __rtentry2.o(.ARM.Collect$$rtentry$$0000000A)
    .ARM.Collect$$rtentry$$0000000C          0x00000714   Section        0  __rtentry2.o(.ARM.Collect$$rtentry$$0000000C)
    .ARM.Collect$$rtentry$$0000000D          0x00000714   Section        8  __rtentry2.o(.ARM.Collect$$rtentry$$0000000D)
    __lit__00000000                          0x0000071c   Data           4  __rtentry7.o(.ARM.Collect$$rtentry$$00002718)
    .ARM.Collect$$rtentry$$00002718          0x0000071c   Section        4  __rtentry7.o(.ARM.Collect$$rtentry$$00002718)
    .ARM.Collect$$rtexit$$00000000           0x00000720   Section        2  rtexit.o(.ARM.Collect$$rtexit$$00000000)
    .ARM.Collect$$rtexit$$00000002           0x00000722   Section        0  rtexit2.o(.ARM.Collect$$rtexit$$00000002)
    .ARM.Collect$$rtexit$$00000003           0x00000722   Section        4  rtexit2.o(.ARM.Collect$$rtexit$$00000003)
    .ARM.Collect$$rtexit$$00000004           0x00000726   Section        6  rtexit2.o(.ARM.Collect$$rtexit$$00000004)
    .text                                    0x0000072c   Section      156  startup_s32k144.o(.text)
    $v0                                      0x00000780   Number         0  startup_s32k144.o(.text)
    .text                                    0x000007c8   Section        0  sscanf.o(.text)
    .text                                    0x00000804   Section       68  rt_memclr.o(.text)
    .text                                    0x00000848   Section        0  _scanf_longlong.o(.text)
    .text                                    0x0000099e   Section        0  _scanf_int.o(.text)
    .text                                    0x00000aea   Section        0  _scanf_str.o(.text)
    _scanf_char_input                        0x00000bcd   Thumb Code    12  scanf_char.o(.text)
    .text                                    0x00000bcc   Section        0  scanf_char.o(.text)
    .text                                    0x00000bf8   Section        0  _sgetc.o(.text)
    .text                                    0x00000c38   Section        0  _scanf_mbtowc.o(.text)
    .text                                    0x00000d4c   Section        0  _scanf_wctomb.o(.text)
    .text                                    0x00000e34   Section        0  _scanf_wstr.o(.text)
    .text                                    0x00000f04   Section       78  rt_memclr_w.o(.text)
    .text                                    0x00000f52   Section        0  isspace.o(.text)
    .text                                    0x00000f64   Section        0  _chval.o(.text)
    .text                                    0x00000f80   Section        0  _scanf.o(.text)
    _fp_value                                0x000012f5   Thumb Code   588  scanf_fp.o(.text)
    .text                                    0x000012f4   Section        0  scanf_fp.o(.text)
    .text                                    0x000017ec   Section        0  _scanf_wcharmap.o(.text)
    .text                                    0x0000180a   Section        0  _mbrtoc16.o(.text)
    .text                                    0x0000184a   Section        0  _c16rtomb.o(.text)
    .text                                    0x00001894   Section       16  rt_ctype_table.o(.text)
    .text                                    0x000018a4   Section        8  rt_locale_intlibspace.o(.text)
    .text                                    0x000018ac   Section        8  rt_errno_addr_intlibspace.o(.text)
    .text                                    0x000018b4   Section       38  llshl.o(.text)
    .text                                    0x000018dc   Section        0  bigflt0.o(.text)
    .text                                    0x000019c0   Section        0  exit.o(.text)
    .text                                    0x000019d2   Section        0  _rserrno.o(.text)
    .text                                    0x000019e8   Section        0  scanf_hexfp.o(.text)
    .text                                    0x00001d08   Section        0  scanf_infnan.o(.text)
    .text                                    0x00001e40   Section      124  strcmpv7em.o(.text)
    .text                                    0x00001ebc   Section        2  use_no_semi.o(.text)
    .text                                    0x00001ebe   Section        0  indicate_semi.o(.text)
    .text                                    0x00001ec0   Section        0  sys_exit.o(.text)
    [Anonymous Symbol]                       0x00001ecc   Section        0  main.o(.text.LPIT0_Ch0_IRQHandler)
    [Anonymous Symbol]                       0x0000200c   Section        0  lpit.o(.text.LPIT_init_MOCK)
    [Anonymous Symbol]                       0x0000207c   Section        0  lpspi.o(.text.LPSPI0_Intensity_led)
    [Anonymous Symbol]                       0x00002130   Section        0  lpspi.o(.text.LPSPI0_hour_m_s)
    [Anonymous Symbol]                       0x0000222c   Section        0  lpspi.o(.text.LPSPI0_transmit_mode_16bits)
    [Anonymous Symbol]                       0x00002264   Section        0  lpspi.o(.text.LPSPI0_year_m_d)
    [Anonymous Symbol]                       0x000023cc   Section        0  lpspi.o(.text.LPSPI_init)
    [Anonymous Symbol]                       0x0000245c   Section        0  main.o(.text.LPUART1_RxTx_IRQHandler)
    [Anonymous Symbol]                       0x0000248c   Section        0  lpuart.o(.text.LPUART1_init_MOCK)
    [Anonymous Symbol]                       0x000024d8   Section        0  lpuart.o(.text.LPUART1_receive_char)
    [Anonymous Symbol]                       0x00002508   Section        0  lpuart.o(.text.LPUART1_transmit_char)
    [Anonymous Symbol]                       0x00002540   Section        0  lpuart.o(.text.LPUART1_transmit_string)
    [Anonymous Symbol]                       0x0000256c   Section        0  main.o(.text.PORTC_IRQHandler)
    [Anonymous Symbol]                       0x0000273c   Section        0  main.o(.text.PORT_C_switch_PIN12_13)
    [Anonymous Symbol]                       0x0000279c   Section        0  main.o(.text.PORT_D_GREEN_LED)
    [Anonymous Symbol]                       0x000027e0   Section        0  main.o(.text.PORT_init)
    [Anonymous Symbol]                       0x00002814   Section        0  main.o(.text.PORT_init_LPSPI)
    [Anonymous Symbol]                       0x00002868   Section        0  delay.o(.text.SysTick_Handler)
    [Anonymous Symbol]                       0x00002888   Section        0  system_s32k144.o(.text.SystemInit)
    [Anonymous Symbol]                       0x000028dc   Section        0  delay.o(.text.delay_ms)
    [Anonymous Symbol]                       0x00002944   Section        0  startup.o(.text.init_data_bss)
    [Anonymous Symbol]                       0x000029e4   Section        0  main.o(.text.isLeapYear)
    [Anonymous Symbol]                       0x00002a68   Section        0  main.o(.text.main)
    [Anonymous Symbol]                       0x00002c58   Section        0  nvic.o(.text.nvic_enable_interrupt)
    [Anonymous Symbol]                       0x00002c98   Section        0  main.o(.text.process_Normal_state)
    [Anonymous Symbol]                       0x00002e2c   Section        0  main.o(.text.process_UART)
    [Anonymous Symbol]                       0x00003204   Section        0  lpspi.o(.text.process_number_led)
    [Anonymous Symbol]                       0x000032d8   Section        0  lpspi.o(.text.process_number_led_DP)
    [Anonymous Symbol]                       0x000033ac   Section        0  scg.o(.text.scg_spll_config)
    CL$$btod_div_common                      0x000034b0   Section      824  btod.o(CL$$btod_div_common)
    CL$$btod_e2d                             0x000037e8   Section      132  btod.o(CL$$btod_e2d)
    CL$$btod_e2e                             0x0000386c   Section      220  btod.o(CL$$btod_e2e)
    CL$$btod_ediv                            0x00003948   Section       42  btod.o(CL$$btod_ediv)
    CL$$btod_edivd                           0x00003972   Section       42  btod.o(CL$$btod_edivd)
    CL$$btod_emul                            0x0000399c   Section       42  btod.o(CL$$btod_emul)
    CL$$btod_emuld                           0x000039c6   Section       42  btod.o(CL$$btod_emuld)
    CL$$btod_mult_common                     0x000039f0   Section      580  btod.o(CL$$btod_mult_common)
    i.__hardfp___mathlib_tofloat             0x00003c38   Section        0  narrow.o(i.__hardfp___mathlib_tofloat)
    i.__hardfp_ldexp                         0x00003d30   Section        0  ldexp.o(i.__hardfp_ldexp)
    i.__mathlib_dbl_overflow                 0x00003e00   Section        0  dunder.o(i.__mathlib_dbl_overflow)
    i.__mathlib_dbl_underflow                0x00003e20   Section        0  dunder.o(i.__mathlib_dbl_underflow)
    i.__mathlib_narrow                       0x00003e40   Section        0  narrow.o(i.__mathlib_narrow)
    i.__support_ldexp                        0x00003e52   Section        0  ldexp.o(i.__support_ldexp)
    i._is_digit                              0x00003e66   Section        0  scanf_fp.o(i._is_digit)
    i.frexp                                  0x00003e78   Section        0  frexp.o(i.frexp)
    locale$$code                             0x00003f04   Section       44  lc_numeric_c.o(locale$$code)
    locale$$code                             0x00003f30   Section       44  lc_ctype_c.o(locale$$code)
    $v0                                      0x00003f5c   Number         0  d2f.o(x$fpl$d2f)
    x$fpl$d2f                                0x00003f5c   Section       98  d2f.o(x$fpl$d2f)
    $v0                                      0x00003fc0   Number         0  dcheck1.o(x$fpl$dcheck1)
    x$fpl$dcheck1                            0x00003fc0   Section       16  dcheck1.o(x$fpl$dcheck1)
    $v0                                      0x00003fd0   Number         0  dcmpi.o(x$fpl$dcmpinf)
    x$fpl$dcmpinf                            0x00003fd0   Section       24  dcmpi.o(x$fpl$dcmpinf)
    $v0                                      0x00003fe8   Number         0  deqf.o(x$fpl$deqf)
    x$fpl$deqf                               0x00003fe8   Section      120  deqf.o(x$fpl$deqf)
    $v0                                      0x00004060   Number         0  dleqf.o(x$fpl$dleqf)
    x$fpl$dleqf                              0x00004060   Section      120  dleqf.o(x$fpl$dleqf)
    $v0                                      0x000040d8   Number         0  dmul.o(x$fpl$dmul)
    x$fpl$dmul                               0x000040d8   Section      340  dmul.o(x$fpl$dmul)
    $v0                                      0x0000422c   Number         0  dnaninf.o(x$fpl$dnaninf)
    x$fpl$dnaninf                            0x0000422c   Section      156  dnaninf.o(x$fpl$dnaninf)
    $v0                                      0x000042c8   Number         0  dretinf.o(x$fpl$dretinf)
    x$fpl$dretinf                            0x000042c8   Section       12  dretinf.o(x$fpl$dretinf)
    $v0                                      0x000042d4   Number         0  drleqf.o(x$fpl$drleqf)
    x$fpl$drleqf                             0x000042d4   Section      108  drleqf.o(x$fpl$drleqf)
    $v0                                      0x00004340   Number         0  fpinit.o(x$fpl$fpinit)
    x$fpl$fpinit                             0x00004340   Section       26  fpinit.o(x$fpl$fpinit)
    $v0                                      0x0000435a   Number         0  fretinf.o(x$fpl$fretinf)
    x$fpl$fretinf                            0x0000435a   Section       10  fretinf.o(x$fpl$fretinf)
    $v0                                      0x00004364   Number         0  istatus.o(x$fpl$ieeestatus)
    x$fpl$ieeestatus                         0x00004364   Section        6  istatus.o(x$fpl$ieeestatus)
    $v0                                      0x0000436a   Number         0  retnan.o(x$fpl$retnan)
    x$fpl$retnan                             0x0000436a   Section      100  retnan.o(x$fpl$retnan)
    $v0                                      0x000043ce   Number         0  scalbn.o(x$fpl$scalbn)
    x$fpl$scalbn                             0x000043ce   Section       92  scalbn.o(x$fpl$scalbn)
    $v0                                      0x0000442a   Number         0  scanf1.o(x$fpl$scanf1)
    x$fpl$scanf1                             0x0000442a   Section        4  scanf1.o(x$fpl$scanf1)
    $v0                                      0x0000442e   Number         0  scanf2.o(x$fpl$scanf2)
    x$fpl$scanf2                             0x0000442e   Section        8  scanf2.o(x$fpl$scanf2)
    $v0                                      0x00004436   Number         0  trapv.o(x$fpl$trapveneer)
    x$fpl$trapveneer                         0x00004436   Section       48  trapv.o(x$fpl$trapveneer)
    x$fpl$usenofp                            0x00004466   Section        0  usenofp.o(x$fpl$usenofp)
    day                                      0x1fff8404   Data           1  main.o(.data.day)
    [Anonymous Symbol]                       0x1fff8404   Section        0  main.o(.data.day)
    hour                                     0x1fff8405   Data           1  main.o(.data.hour)
    [Anonymous Symbol]                       0x1fff8405   Section        0  main.o(.data.hour)
    intensity_val                            0x1fff8406   Data           1  main.o(.data.intensity_val)
    [Anonymous Symbol]                       0x1fff8406   Section        0  main.o(.data.intensity_val)
    month                                    0x1fff8407   Data           1  main.o(.data.month)
    [Anonymous Symbol]                       0x1fff8407   Section        0  main.o(.data.month)
    normal_state                             0x1fff8408   Data           4  main.o(.data.normal_state)
    [Anonymous Symbol]                       0x1fff8408   Section        0  main.o(.data.normal_state)
    second_alarm                             0x1fff840c   Data           1  main.o(.data.second_alarm)
    [Anonymous Symbol]                       0x1fff840c   Section        0  main.o(.data.second_alarm)
    year                                     0x1fff840e   Data           2  main.o(.data.year)
    [Anonymous Symbol]                       0x1fff840e   Section        0  main.o(.data.year)
    .bss                                     0x20000000   Section       96  libspace.o(.bss)
    Comlete_display                          0x20000060   Data           1  main.o(.bss.Comlete_display)
    [Anonymous Symbol]                       0x20000060   Section        0  main.o(.bss.Comlete_display)
    LPIT_timer_count                         0x20000061   Data           1  main.o(.bss.LPIT_timer_count)
    [Anonymous Symbol]                       0x20000061   Section        0  main.o(.bss.LPIT_timer_count)
    char_count                               0x20000064   Data           4  main.o(.bss.char_count)
    [Anonymous Symbol]                       0x20000064   Section        0  main.o(.bss.char_count)
    daysInMonth                              0x20000068   Data           1  main.o(.bss.daysInMonth)
    [Anonymous Symbol]                       0x20000068   Section        0  main.o(.bss.daysInMonth)
    delay_counter                            0x2000006c   Data           4  delay.o(.bss.delay_counter)
    [Anonymous Symbol]                       0x2000006c   Section        0  delay.o(.bss.delay_counter)
    hour_alarm                               0x20000070   Data           1  main.o(.bss.hour_alarm)
    [Anonymous Symbol]                       0x20000070   Section        0  main.o(.bss.hour_alarm)
    minute                                   0x20000071   Data           1  main.o(.bss.minute)
    [Anonymous Symbol]                       0x20000071   Section        0  main.o(.bss.minute)
    minute_alarm                             0x20000072   Data           1  main.o(.bss.minute_alarm)
    [Anonymous Symbol]                       0x20000072   Section        0  main.o(.bss.minute_alarm)
    rxBuffer                                 0x20000073   Data         255  main.o(.bss.rxBuffer)
    [Anonymous Symbol]                       0x20000073   Section        0  main.o(.bss.rxBuffer)
    rxIndex                                  0x20000172   Data           1  main.o(.bss.rxIndex)
    [Anonymous Symbol]                       0x20000172   Section        0  main.o(.bss.rxIndex)
    second                                   0x20000173   Data           1  main.o(.bss.second)
    [Anonymous Symbol]                       0x20000173   Section        0  main.o(.bss.second)
    state_day_or_hour                        0x20000174   Data           4  main.o(.bss.state_day_or_hour)
    [Anonymous Symbol]                       0x20000174   Section        0  main.o(.bss.state_day_or_hour)
    wakeup_alarm                             0x20000178   Data           1  main.o(.bss.wakeup_alarm)
    [Anonymous Symbol]                       0x20000178   Section        0  main.o(.bss.wakeup_alarm)

    Global Symbols

    Symbol Name                              Value     Ov Type        Size  Object(Section)

    BuildAttributes$$THM_ISAv4$E$P$D$K$B$S$7EM$VFPi3$EXTD16$VFPS$VFMA$PE$A:L22UL41UL21$X:L11$S22US41US21$IEEE1$IW$~IW$USESV6$~STKCKD$USESV7$~SHL$OTIME$ROPI$IEEEX$EBA8$UX$STANDARDLIB$REQ8$PRES8$EABIv2 0x00000000   Number         0  anon$$obj.o ABSOLUTE
    Image$$RW_m_code$$Length                 0x00000000   Number         0  anon$$obj.o ABSOLUTE
    Image$$VECTOR_RAM$$Length                0x00000000   Number         0  anon$$obj.o ABSOLUTE
    Image$$VECTOR_ROM$$Base                  0x00000000   Number         0  anon$$obj.o ABSOLUTE
    __Vectors                                0x00000000   Data           4  startup_s32k144.o(RESET)
    Image$$ZI$$Limit                          - Undefined Weak Reference
    __ARM_exceptions_init                     - Undefined Weak Reference
    __alloca_initialize                       - Undefined Weak Reference
    __arm_preinit_                            - Undefined Weak Reference
    __arm_relocate_pie_                       - Undefined Weak Reference
    __cpp_initialize__aeabi_                  - Undefined Weak Reference
    __cxa_finalize                            - Undefined Weak Reference
    __sigvec_lookup                           - Undefined Weak Reference
    _atexit_init                              - Undefined Weak Reference
    _call_atexit_fns                          - Undefined Weak Reference
    _clock_init                               - Undefined Weak Reference
    _fp_trap_init                             - Undefined Weak Reference
    _fp_trap_shutdown                         - Undefined Weak Reference
    _get_lc_collate                           - Undefined Weak Reference
    _get_lc_monetary                          - Undefined Weak Reference
    _get_lc_time                              - Undefined Weak Reference
    _getenv_init                              - Undefined Weak Reference
    _handle_redirection                       - Undefined Weak Reference
    _init_alloc                               - Undefined Weak Reference
    _init_user_alloc                          - Undefined Weak Reference
    _initio                                   - Undefined Weak Reference
    _rand_init                                - Undefined Weak Reference
    _signal_finish                            - Undefined Weak Reference
    _signal_init                              - Undefined Weak Reference
    _terminate_alloc                          - Undefined Weak Reference
    _terminate_user_alloc                     - Undefined Weak Reference
    _terminateio                              - Undefined Weak Reference
    Image$$RW_m_data$$Length                 0x00000010   Number         0  anon$$obj.o ABSOLUTE
    Image$$VECTOR_ROM$$Length                0x00000230   Number         0  anon$$obj.o ABSOLUTE
    Image$$VECTOR_ROM$$Limit                 0x00000230   Number         0  anon$$obj.o ABSOLUTE
    Image$$ER_m_text_const$$Base             0x00000410   Number         0  anon$$obj.o ABSOLUTE
    __aeabi_HUGE_VAL                         0x00000534   Data           0  fpconst.o(c$$dinf)
    __aeabi_HUGE_VALL                        0x00000534   Data           0  fpconst.o(c$$dinf)
    __aeabi_INFINITY                         0x00000534   Data           0  fpconst.o(c$$dinf)
    __dInf                                   0x00000534   Data           0  fpconst.o(c$$dinf)
    __huge_val                               0x00000534   Data           0  fpconst.o(c$$dinf)
    __dbl_max                                0x0000053c   Data           0  fpconst.o(c$$dmax)
    __ctype                                  0x0000056d   Data           0  lc_ctype_c.o(locale$$data)
    Image$$ER_m_text_const$$Limit            0x00000670   Number         0  anon$$obj.o ABSOLUTE
    __main                                   0x00000671   Thumb Code     8  __main.o(!!!main)
    __scatterload                            0x00000679   Thumb Code     0  __scatter.o(!!!scatter)
    __scatterload_rt2                        0x00000679   Thumb Code    44  __scatter.o(!!!scatter)
    __scatterload_rt2_thumb_only             0x00000679   Thumb Code     0  __scatter.o(!!!scatter)
    __scatterload_null                       0x00000687   Thumb Code     0  __scatter.o(!!!scatter)
    __scatterload_copy                       0x000006ad   Thumb Code    26  __scatter_copy.o(!!handler_copy)
    __scatterload_zeroinit                   0x000006c9   Thumb Code    28  __scatter_zi.o(!!handler_zi)
    __rt_lib_init                            0x000006e5   Thumb Code     0  libinit.o(.ARM.Collect$$libinit$$00000000)
    __rt_lib_init_fp_1                       0x000006e7   Thumb Code     0  libinit2.o(.ARM.Collect$$libinit$$00000001)
    __rt_lib_init_heap_1                     0x000006eb   Thumb Code     0  libinit2.o(.ARM.Collect$$libinit$$0000000C)
    __rt_lib_init_lc_common                  0x000006eb   Thumb Code     0  libinit2.o(.ARM.Collect$$libinit$$00000011)
    __rt_lib_init_preinit_1                  0x000006eb   Thumb Code     0  libinit2.o(.ARM.Collect$$libinit$$00000006)
    __rt_lib_init_rand_1                     0x000006eb   Thumb Code     0  libinit2.o(.ARM.Collect$$libinit$$00000010)
    __rt_lib_init_relocate_pie_1             0x000006eb   Thumb Code     0  libinit2.o(.ARM.Collect$$libinit$$00000004)
    __rt_lib_init_user_alloc_1               0x000006eb   Thumb Code     0  libinit2.o(.ARM.Collect$$libinit$$0000000E)
    __rt_lib_init_lc_collate_1               0x000006f1   Thumb Code     0  libinit2.o(.ARM.Collect$$libinit$$00000013)
    __rt_lib_init_lc_ctype_2                 0x000006f1   Thumb Code     0  libinit2.o(.ARM.Collect$$libinit$$00000014)
    __rt_lib_init_lc_ctype_1                 0x000006fd   Thumb Code     0  libinit2.o(.ARM.Collect$$libinit$$00000015)
    __rt_lib_init_lc_monetary_1              0x000006fd   Thumb Code     0  libinit2.o(.ARM.Collect$$libinit$$00000017)
    __rt_lib_init_lc_numeric_2               0x000006fd   Thumb Code     0  libinit2.o(.ARM.Collect$$libinit$$00000018)
    __rt_lib_init_alloca_1                   0x00000707   Thumb Code     0  libinit2.o(.ARM.Collect$$libinit$$00000030)
    __rt_lib_init_argv_1                     0x00000707   Thumb Code     0  libinit2.o(.ARM.Collect$$libinit$$0000002E)
    __rt_lib_init_atexit_1                   0x00000707   Thumb Code     0  libinit2.o(.ARM.Collect$$libinit$$0000001D)
    __rt_lib_init_clock_1                    0x00000707   Thumb Code     0  libinit2.o(.ARM.Collect$$libinit$$00000023)
    __rt_lib_init_cpp_1                      0x00000707   Thumb Code     0  libinit2.o(.ARM.Collect$$libinit$$00000034)
    __rt_lib_init_exceptions_1               0x00000707   Thumb Code     0  libinit2.o(.ARM.Collect$$libinit$$00000032)
    __rt_lib_init_fp_trap_1                  0x00000707   Thumb Code     0  libinit2.o(.ARM.Collect$$libinit$$00000021)
    __rt_lib_init_getenv_1                   0x00000707   Thumb Code     0  libinit2.o(.ARM.Collect$$libinit$$00000025)
    __rt_lib_init_lc_numeric_1               0x00000707   Thumb Code     0  libinit2.o(.ARM.Collect$$libinit$$00000019)
    __rt_lib_init_lc_time_1                  0x00000707   Thumb Code     0  libinit2.o(.ARM.Collect$$libinit$$0000001B)
    __rt_lib_init_return                     0x00000707   Thumb Code     0  libinit2.o(.ARM.Collect$$libinit$$00000035)
    __rt_lib_init_signal_1                   0x00000707   Thumb Code     0  libinit2.o(.ARM.Collect$$libinit$$0000001F)
    __rt_lib_init_stdio_1                    0x00000707   Thumb Code     0  libinit2.o(.ARM.Collect$$libinit$$00000027)
    __rt_lib_shutdown                        0x00000709   Thumb Code     0  libshutdown.o(.ARM.Collect$$libshutdown$$00000000)
    __rt_lib_shutdown_cpp_1                  0x0000070b   Thumb Code     0  libshutdown2.o(.ARM.Collect$$libshutdown$$00000002)
    __rt_lib_shutdown_fp_trap_1              0x0000070b   Thumb Code     0  libshutdown2.o(.ARM.Collect$$libshutdown$$00000007)
    __rt_lib_shutdown_heap_1                 0x0000070b   Thumb Code     0  libshutdown2.o(.ARM.Collect$$libshutdown$$0000000F)
    __rt_lib_shutdown_return                 0x0000070b   Thumb Code     0  libshutdown2.o(.ARM.Collect$$libshutdown$$00000010)
    __rt_lib_shutdown_signal_1               0x0000070b   Thumb Code     0  libshutdown2.o(.ARM.Collect$$libshutdown$$0000000A)
    __rt_lib_shutdown_stdio_1                0x0000070b   Thumb Code     0  libshutdown2.o(.ARM.Collect$$libshutdown$$00000004)
    __rt_lib_shutdown_user_alloc_1           0x0000070b   Thumb Code     0  libshutdown2.o(.ARM.Collect$$libshutdown$$0000000C)
    __rt_entry                               0x0000070d   Thumb Code     0  __rtentry.o(.ARM.Collect$$rtentry$$00000000)
    __rt_entry_presh_1                       0x0000070d   Thumb Code     0  __rtentry2.o(.ARM.Collect$$rtentry$$00000002)
    __rt_entry_sh                            0x0000070d   Thumb Code     0  __rtentry7.o(.ARM.Collect$$rtentry$$00000007)
    __rt_entry_li                            0x00000711   Thumb Code     0  __rtentry2.o(.ARM.Collect$$rtentry$$0000000A)
    __rt_entry_postsh_1                      0x00000711   Thumb Code     0  __rtentry2.o(.ARM.Collect$$rtentry$$00000009)
    __rt_entry_main                          0x00000715   Thumb Code     0  __rtentry2.o(.ARM.Collect$$rtentry$$0000000D)
    __rt_entry_postli_1                      0x00000715   Thumb Code     0  __rtentry2.o(.ARM.Collect$$rtentry$$0000000C)
    __rt_exit                                0x00000721   Thumb Code     0  rtexit.o(.ARM.Collect$$rtexit$$00000000)
    __rt_exit_ls                             0x00000723   Thumb Code     0  rtexit2.o(.ARM.Collect$$rtexit$$00000003)
    __rt_exit_prels_1                        0x00000723   Thumb Code     0  rtexit2.o(.ARM.Collect$$rtexit$$00000002)
    __rt_exit_exit                           0x00000727   Thumb Code     0  rtexit2.o(.ARM.Collect$$rtexit$$00000004)
    __RAM_VECTOR_TABLE_SIZE                  0x0000072c   Data           4  startup_s32k144.o(.text)
    __VECTOR_RAM                             0x00000730   Data           4  startup_s32k144.o(.text)
    __VECTOR_ROM                             0x00000734   Data           4  startup_s32k144.o(.text)
    __VECTOR_ROM_START                       0x00000738   Data           4  startup_s32k144.o(.text)
    __VECTOR_ROM_END                         0x0000073c   Data           4  startup_s32k144.o(.text)
    __CODE_ROM                               0x00000740   Data           4  startup_s32k144.o(.text)
    __CODE_END                               0x00000744   Data           4  startup_s32k144.o(.text)
    __CODE_RAM                               0x00000748   Data           4  startup_s32k144.o(.text)
    __CODE_RAM_START                         0x0000074c   Data           4  startup_s32k144.o(.text)
    __CODE_RAM_END                           0x00000750   Data           4  startup_s32k144.o(.text)
    __BSS_START                              0x00000754   Data           4  startup_s32k144.o(.text)
    __BSS_END                                0x00000758   Data           4  startup_s32k144.o(.text)
    __DATA_RAM                               0x0000075c   Data           4  startup_s32k144.o(.text)
    __DATA_RAM_START                         0x00000760   Data           4  startup_s32k144.o(.text)
    __DATA_RAM_END                           0x00000764   Data           4  startup_s32k144.o(.text)
    __DATA_ROM                               0x00000768   Data           4  startup_s32k144.o(.text)
    __DATA_END                               0x0000076c   Data           4  startup_s32k144.o(.text)
    __CUSTOM_SECTION_START                   0x00000770   Data           4  startup_s32k144.o(.text)
    __CUSTOM_SECTION_END                     0x00000774   Data           4  startup_s32k144.o(.text)
    __RAM_START                              0x00000778   Data           4  startup_s32k144.o(.text)
    __RAM_END                                0x0000077c   Data           4  startup_s32k144.o(.text)
    Reset_Handler                            0x00000781   Thumb Code    28  startup_s32k144.o(.text)
    NMI_Handler                              0x0000079d   Thumb Code     2  startup_s32k144.o(.text)
    HardFault_Handler                        0x0000079f   Thumb Code     2  startup_s32k144.o(.text)
    MemManage_Handler                        0x000007a1   Thumb Code     2  startup_s32k144.o(.text)
    BusFault_Handler                         0x000007a3   Thumb Code     2  startup_s32k144.o(.text)
    UsageFault_Handler                       0x000007a5   Thumb Code     2  startup_s32k144.o(.text)
    SVC_Handler                              0x000007a7   Thumb Code     2  startup_s32k144.o(.text)
    DebugMon_Handler                         0x000007a9   Thumb Code     2  startup_s32k144.o(.text)
    PendSV_Handler                           0x000007ab   Thumb Code     2  startup_s32k144.o(.text)
    DefaultISR                               0x000007af   Thumb Code     2  startup_s32k144.o(.text)
    ADC0_IRQHandler                          0x000007b1   Thumb Code     0  startup_s32k144.o(.text)
    ADC1_IRQHandler                          0x000007b1   Thumb Code     0  startup_s32k144.o(.text)
    CAN0_Error_IRQHandler                    0x000007b1   Thumb Code     0  startup_s32k144.o(.text)
    CAN0_ORed_0_15_MB_IRQHandler             0x000007b1   Thumb Code     0  startup_s32k144.o(.text)
    CAN0_ORed_16_31_MB_IRQHandler            0x000007b1   Thumb Code     0  startup_s32k144.o(.text)
    CAN0_ORed_IRQHandler                     0x000007b1   Thumb Code     0  startup_s32k144.o(.text)
    CAN0_Wake_Up_IRQHandler                  0x000007b1   Thumb Code     0  startup_s32k144.o(.text)
    CAN1_Error_IRQHandler                    0x000007b1   Thumb Code     0  startup_s32k144.o(.text)
    CAN1_ORed_0_15_MB_IRQHandler             0x000007b1   Thumb Code     0  startup_s32k144.o(.text)
    CAN1_ORed_IRQHandler                     0x000007b1   Thumb Code     0  startup_s32k144.o(.text)
    CAN2_Error_IRQHandler                    0x000007b1   Thumb Code     0  startup_s32k144.o(.text)
    CAN2_ORed_0_15_MB_IRQHandler             0x000007b1   Thumb Code     0  startup_s32k144.o(.text)
    CAN2_ORed_IRQHandler                     0x000007b1   Thumb Code     0  startup_s32k144.o(.text)
    CMP0_IRQHandler                          0x000007b1   Thumb Code     0  startup_s32k144.o(.text)
    DMA0_IRQHandler                          0x000007b1   Thumb Code     0  startup_s32k144.o(.text)
    DMA10_IRQHandler                         0x000007b1   Thumb Code     0  startup_s32k144.o(.text)
    DMA11_IRQHandler                         0x000007b1   Thumb Code     0  startup_s32k144.o(.text)
    DMA12_IRQHandler                         0x000007b1   Thumb Code     0  startup_s32k144.o(.text)
    DMA13_IRQHandler                         0x000007b1   Thumb Code     0  startup_s32k144.o(.text)
    DMA14_IRQHandler                         0x000007b1   Thumb Code     0  startup_s32k144.o(.text)
    DMA15_IRQHandler                         0x000007b1   Thumb Code     0  startup_s32k144.o(.text)
    DMA1_IRQHandler                          0x000007b1   Thumb Code     0  startup_s32k144.o(.text)
    DMA2_IRQHandler                          0x000007b1   Thumb Code     0  startup_s32k144.o(.text)
    DMA3_IRQHandler                          0x000007b1   Thumb Code     0  startup_s32k144.o(.text)
    DMA4_IRQHandler                          0x000007b1   Thumb Code     0  startup_s32k144.o(.text)
    DMA5_IRQHandler                          0x000007b1   Thumb Code     0  startup_s32k144.o(.text)
    DMA6_IRQHandler                          0x000007b1   Thumb Code     0  startup_s32k144.o(.text)
    DMA7_IRQHandler                          0x000007b1   Thumb Code     0  startup_s32k144.o(.text)
    DMA8_IRQHandler                          0x000007b1   Thumb Code     0  startup_s32k144.o(.text)
    DMA9_IRQHandler                          0x000007b1   Thumb Code     0  startup_s32k144.o(.text)
    DMA_Error_IRQHandler                     0x000007b1   Thumb Code     0  startup_s32k144.o(.text)
    ERM_double_fault_IRQHandler              0x000007b1   Thumb Code     0  startup_s32k144.o(.text)
    ERM_single_fault_IRQHandler              0x000007b1   Thumb Code     0  startup_s32k144.o(.text)
    FLEXIO_IRQHandler                        0x000007b1   Thumb Code     0  startup_s32k144.o(.text)
    FTFC_Fault_IRQHandler                    0x000007b1   Thumb Code     0  startup_s32k144.o(.text)
    FTFC_IRQHandler                          0x000007b1   Thumb Code     0  startup_s32k144.o(.text)
    FTM0_Ch0_Ch1_IRQHandler                  0x000007b1   Thumb Code     0  startup_s32k144.o(.text)
    FTM0_Ch2_Ch3_IRQHandler                  0x000007b1   Thumb Code     0  startup_s32k144.o(.text)
    FTM0_Ch4_Ch5_IRQHandler                  0x000007b1   Thumb Code     0  startup_s32k144.o(.text)
    FTM0_Ch6_Ch7_IRQHandler                  0x000007b1   Thumb Code     0  startup_s32k144.o(.text)
    FTM0_Fault_IRQHandler                    0x000007b1   Thumb Code     0  startup_s32k144.o(.text)
    FTM0_Ovf_Reload_IRQHandler               0x000007b1   Thumb Code     0  startup_s32k144.o(.text)
    FTM1_Ch0_Ch1_IRQHandler                  0x000007b1   Thumb Code     0  startup_s32k144.o(.text)
    FTM1_Ch2_Ch3_IRQHandler                  0x000007b1   Thumb Code     0  startup_s32k144.o(.text)
    FTM1_Ch4_Ch5_IRQHandler                  0x000007b1   Thumb Code     0  startup_s32k144.o(.text)
    FTM1_Ch6_Ch7_IRQHandler                  0x000007b1   Thumb Code     0  startup_s32k144.o(.text)
    FTM1_Fault_IRQHandler                    0x000007b1   Thumb Code     0  startup_s32k144.o(.text)
    FTM1_Ovf_Reload_IRQHandler               0x000007b1   Thumb Code     0  startup_s32k144.o(.text)
    FTM2_Ch0_Ch1_IRQHandler                  0x000007b1   Thumb Code     0  startup_s32k144.o(.text)
    FTM2_Ch2_Ch3_IRQHandler                  0x000007b1   Thumb Code     0  startup_s32k144.o(.text)
    FTM2_Ch4_Ch5_IRQHandler                  0x000007b1   Thumb Code     0  startup_s32k144.o(.text)
    FTM2_Ch6_Ch7_IRQHandler                  0x000007b1   Thumb Code     0  startup_s32k144.o(.text)
    FTM2_Fault_IRQHandler                    0x000007b1   Thumb Code     0  startup_s32k144.o(.text)
    FTM2_Ovf_Reload_IRQHandler               0x000007b1   Thumb Code     0  startup_s32k144.o(.text)
    FTM3_Ch0_Ch1_IRQHandler                  0x000007b1   Thumb Code     0  startup_s32k144.o(.text)
    FTM3_Ch2_Ch3_IRQHandler                  0x000007b1   Thumb Code     0  startup_s32k144.o(.text)
    FTM3_Ch4_Ch5_IRQHandler                  0x000007b1   Thumb Code     0  startup_s32k144.o(.text)
    FTM3_Ch6_Ch7_IRQHandler                  0x000007b1   Thumb Code     0  startup_s32k144.o(.text)
    FTM3_Fault_IRQHandler                    0x000007b1   Thumb Code     0  startup_s32k144.o(.text)
    FTM3_Ovf_Reload_IRQHandler               0x000007b1   Thumb Code     0  startup_s32k144.o(.text)
    LPI2C0_Master_IRQHandler                 0x000007b1   Thumb Code     0  startup_s32k144.o(.text)
    LPI2C0_Slave_IRQHandler                  0x000007b1   Thumb Code     0  startup_s32k144.o(.text)
    LPIT0_Ch1_IRQHandler                     0x000007b1   Thumb Code     0  startup_s32k144.o(.text)
    LPIT0_Ch2_IRQHandler                     0x000007b1   Thumb Code     0  startup_s32k144.o(.text)
    LPIT0_Ch3_IRQHandler                     0x000007b1   Thumb Code     0  startup_s32k144.o(.text)
    LPSPI0_IRQHandler                        0x000007b1   Thumb Code     0  startup_s32k144.o(.text)
    LPSPI1_IRQHandler                        0x000007b1   Thumb Code     0  startup_s32k144.o(.text)
    LPSPI2_IRQHandler                        0x000007b1   Thumb Code     0  startup_s32k144.o(.text)
    LPTMR0_IRQHandler                        0x000007b1   Thumb Code     0  startup_s32k144.o(.text)
    LPUART0_RxTx_IRQHandler                  0x000007b1   Thumb Code     0  startup_s32k144.o(.text)
    LPUART2_RxTx_IRQHandler                  0x000007b1   Thumb Code     0  startup_s32k144.o(.text)
    LVD_LVW_IRQHandler                       0x000007b1   Thumb Code     0  startup_s32k144.o(.text)
    MCM_IRQHandler                           0x000007b1   Thumb Code     0  startup_s32k144.o(.text)
    PDB0_IRQHandler                          0x000007b1   Thumb Code     0  startup_s32k144.o(.text)
    PDB1_IRQHandler                          0x000007b1   Thumb Code     0  startup_s32k144.o(.text)
    PORTA_IRQHandler                         0x000007b1   Thumb Code     0  startup_s32k144.o(.text)
    PORTB_IRQHandler                         0x000007b1   Thumb Code     0  startup_s32k144.o(.text)
    PORTD_IRQHandler                         0x000007b1   Thumb Code     0  startup_s32k144.o(.text)
    PORTE_IRQHandler                         0x000007b1   Thumb Code     0  startup_s32k144.o(.text)
    RCM_IRQHandler                           0x000007b1   Thumb Code     0  startup_s32k144.o(.text)
    RTC_IRQHandler                           0x000007b1   Thumb Code     0  startup_s32k144.o(.text)
    RTC_Seconds_IRQHandler                   0x000007b1   Thumb Code     0  startup_s32k144.o(.text)
    Read_Collision_IRQHandler                0x000007b1   Thumb Code     0  startup_s32k144.o(.text)
    Reserved100_IRQHandler                   0x000007b1   Thumb Code     0  startup_s32k144.o(.text)
    Reserved103_IRQHandler                   0x000007b1   Thumb Code     0  startup_s32k144.o(.text)
    Reserved105_IRQHandler                   0x000007b1   Thumb Code     0  startup_s32k144.o(.text)
    Reserved106_IRQHandler                   0x000007b1   Thumb Code     0  startup_s32k144.o(.text)
    Reserved107_IRQHandler                   0x000007b1   Thumb Code     0  startup_s32k144.o(.text)
    Reserved110_IRQHandler                   0x000007b1   Thumb Code     0  startup_s32k144.o(.text)
    Reserved112_IRQHandler                   0x000007b1   Thumb Code     0  startup_s32k144.o(.text)
    Reserved113_IRQHandler                   0x000007b1   Thumb Code     0  startup_s32k144.o(.text)
    Reserved114_IRQHandler                   0x000007b1   Thumb Code     0  startup_s32k144.o(.text)
    Reserved45_IRQHandler                    0x000007b1   Thumb Code     0  startup_s32k144.o(.text)
    Reserved46_IRQHandler                    0x000007b1   Thumb Code     0  startup_s32k144.o(.text)
    Reserved48_IRQHandler                    0x000007b1   Thumb Code     0  startup_s32k144.o(.text)
    Reserved50_IRQHandler                    0x000007b1   Thumb Code     0  startup_s32k144.o(.text)
    Reserved52_IRQHandler                    0x000007b1   Thumb Code     0  startup_s32k144.o(.text)
    Reserved53_IRQHandler                    0x000007b1   Thumb Code     0  startup_s32k144.o(.text)
    Reserved54_IRQHandler                    0x000007b1   Thumb Code     0  startup_s32k144.o(.text)
    Reserved58_IRQHandler                    0x000007b1   Thumb Code     0  startup_s32k144.o(.text)
    Reserved59_IRQHandler                    0x000007b1   Thumb Code     0  startup_s32k144.o(.text)
    Reserved69_IRQHandler                    0x000007b1   Thumb Code     0  startup_s32k144.o(.text)
    Reserved70_IRQHandler                    0x000007b1   Thumb Code     0  startup_s32k144.o(.text)
    Reserved71_IRQHandler                    0x000007b1   Thumb Code     0  startup_s32k144.o(.text)
    Reserved72_IRQHandler                    0x000007b1   Thumb Code     0  startup_s32k144.o(.text)
    Reserved81_IRQHandler                    0x000007b1   Thumb Code     0  startup_s32k144.o(.text)
    Reserved82_IRQHandler                    0x000007b1   Thumb Code     0  startup_s32k144.o(.text)
    Reserved83_IRQHandler                    0x000007b1   Thumb Code     0  startup_s32k144.o(.text)
    Reserved86_IRQHandler                    0x000007b1   Thumb Code     0  startup_s32k144.o(.text)
    Reserved87_IRQHandler                    0x000007b1   Thumb Code     0  startup_s32k144.o(.text)
    Reserved88_IRQHandler                    0x000007b1   Thumb Code     0  startup_s32k144.o(.text)
    Reserved89_IRQHandler                    0x000007b1   Thumb Code     0  startup_s32k144.o(.text)
    Reserved90_IRQHandler                    0x000007b1   Thumb Code     0  startup_s32k144.o(.text)
    Reserved91_IRQHandler                    0x000007b1   Thumb Code     0  startup_s32k144.o(.text)
    Reserved92_IRQHandler                    0x000007b1   Thumb Code     0  startup_s32k144.o(.text)
    Reserved93_IRQHandler                    0x000007b1   Thumb Code     0  startup_s32k144.o(.text)
    Reserved99_IRQHandler                    0x000007b1   Thumb Code     0  startup_s32k144.o(.text)
    SCG_IRQHandler                           0x000007b1   Thumb Code     0  startup_s32k144.o(.text)
    SWI_IRQHandler                           0x000007b1   Thumb Code     0  startup_s32k144.o(.text)
    WDOG_EWM_IRQHandler                      0x000007b1   Thumb Code     0  startup_s32k144.o(.text)
    sscanf                                   0x000007c9   Thumb Code    52  sscanf.o(.text)
    __aeabi_memclr                           0x00000805   Thumb Code     0  rt_memclr.o(.text)
    __rt_memclr                              0x00000805   Thumb Code     0  rt_memclr.o(.text)
    _memset                                  0x00000809   Thumb Code    64  rt_memclr.o(.text)
    _scanf_longlong                          0x00000849   Thumb Code   342  _scanf_longlong.o(.text)
    _scanf_int                               0x0000099f   Thumb Code   332  _scanf_int.o(.text)
    _scanf_string                            0x00000aeb   Thumb Code   224  _scanf_str.o(.text)
    __vfscanf_char                           0x00000bd9   Thumb Code    24  scanf_char.o(.text)
    _sgetc                                   0x00000bf9   Thumb Code    30  _sgetc.o(.text)
    _sbackspace                              0x00000c17   Thumb Code    34  _sgetc.o(.text)
    _scanf_mbtowc                            0x00000c39   Thumb Code   276  _scanf_mbtowc.o(.text)
    _scanf_wctomb                            0x00000d4d   Thumb Code   232  _scanf_wctomb.o(.text)
    _scanf_wstring                           0x00000e35   Thumb Code   208  _scanf_wstr.o(.text)
    __aeabi_memclr4                          0x00000f05   Thumb Code     0  rt_memclr_w.o(.text)
    __aeabi_memclr8                          0x00000f05   Thumb Code     0  rt_memclr_w.o(.text)
    __rt_memclr_w                            0x00000f05   Thumb Code     0  rt_memclr_w.o(.text)
    _memset_w                                0x00000f09   Thumb Code    74  rt_memclr_w.o(.text)
    isspace                                  0x00000f53   Thumb Code    18  isspace.o(.text)
    _chval                                   0x00000f65   Thumb Code    28  _chval.o(.text)
    __vfscanf                                0x00000f81   Thumb Code   878  _scanf.o(.text)
    _scanf_really_real                       0x00001541   Thumb Code   684  scanf_fp.o(.text)
    _scanf_wcharmap                          0x000017ed   Thumb Code    30  _scanf_wcharmap.o(.text)
    _mbrtoc16                                0x0000180b   Thumb Code    64  _mbrtoc16.o(.text)
    _mbrtowc                                 0x0000180b   Thumb Code     0  _mbrtoc16.o(.text)
    _c16rtomb                                0x0000184b   Thumb Code    72  _c16rtomb.o(.text)
    _wcrtomb                                 0x0000184b   Thumb Code     0  _c16rtomb.o(.text)
    __rt_ctype_table                         0x00001895   Thumb Code    16  rt_ctype_table.o(.text)
    __rt_locale                              0x000018a5   Thumb Code     8  rt_locale_intlibspace.o(.text)
    __aeabi_errno_addr                       0x000018ad   Thumb Code     8  rt_errno_addr_intlibspace.o(.text)
    __errno$intlibspace                      0x000018ad   Thumb Code     0  rt_errno_addr_intlibspace.o(.text)
    __rt_errno_addr$intlibspace              0x000018ad   Thumb Code     0  rt_errno_addr_intlibspace.o(.text)
    __aeabi_llsl                             0x000018b5   Thumb Code     0  llshl.o(.text)
    _ll_shift_l                              0x000018b5   Thumb Code    38  llshl.o(.text)
    _btod_etento                             0x000018dd   Thumb Code   224  bigflt0.o(.text)
    exit                                     0x000019c1   Thumb Code    18  exit.o(.text)
    __read_errno                             0x000019d3   Thumb Code    10  _rserrno.o(.text)
    __set_errno                              0x000019dd   Thumb Code    12  _rserrno.o(.text)
    _scanf_really_hex_real                   0x000019e9   Thumb Code   786  scanf_hexfp.o(.text)
    _scanf_really_infnan                     0x00001d09   Thumb Code   292  scanf_infnan.o(.text)
    strcmp                                   0x00001e41   Thumb Code   124  strcmpv7em.o(.text)
    __I$use$semihosting                      0x00001ebd   Thumb Code     0  use_no_semi.o(.text)
    __use_no_semihosting_swi                 0x00001ebd   Thumb Code     2  use_no_semi.o(.text)
    __semihosting_library_function           0x00001ebf   Thumb Code     0  indicate_semi.o(.text)
    _sys_exit                                0x00001ec1   Thumb Code     8  sys_exit.o(.text)
    LPIT0_Ch0_IRQHandler                     0x00001ecd   Thumb Code   320  main.o(.text.LPIT0_Ch0_IRQHandler)
    LPIT_init_MOCK                           0x0000200d   Thumb Code   110  lpit.o(.text.LPIT_init_MOCK)
    LPSPI0_Intensity_led                     0x0000207d   Thumb Code   178  lpspi.o(.text.LPSPI0_Intensity_led)
    LPSPI0_hour_m_s                          0x00002131   Thumb Code   250  lpspi.o(.text.LPSPI0_hour_m_s)
    LPSPI0_transmit_mode_16bits              0x0000222d   Thumb Code    56  lpspi.o(.text.LPSPI0_transmit_mode_16bits)
    LPSPI0_year_m_d                          0x00002265   Thumb Code   358  lpspi.o(.text.LPSPI0_year_m_d)
    LPSPI_init                               0x000023cd   Thumb Code   144  lpspi.o(.text.LPSPI_init)
    LPUART1_RxTx_IRQHandler                  0x0000245d   Thumb Code    46  main.o(.text.LPUART1_RxTx_IRQHandler)
    LPUART1_init_MOCK                        0x0000248d   Thumb Code    76  lpuart.o(.text.LPUART1_init_MOCK)
    LPUART1_receive_char                     0x000024d9   Thumb Code    46  lpuart.o(.text.LPUART1_receive_char)
    LPUART1_transmit_char                    0x00002509   Thumb Code    54  lpuart.o(.text.LPUART1_transmit_char)
    LPUART1_transmit_string                  0x00002541   Thumb Code    44  lpuart.o(.text.LPUART1_transmit_string)
    PORTC_IRQHandler                         0x0000256d   Thumb Code   462  main.o(.text.PORTC_IRQHandler)
    PORT_C_switch_PIN12_13                   0x0000273d   Thumb Code    94  main.o(.text.PORT_C_switch_PIN12_13)
    PORT_D_GREEN_LED                         0x0000279d   Thumb Code    68  main.o(.text.PORT_D_GREEN_LED)
    PORT_init                                0x000027e1   Thumb Code    52  main.o(.text.PORT_init)
    PORT_init_LPSPI                          0x00002815   Thumb Code    84  main.o(.text.PORT_init_LPSPI)
    SysTick_Handler                          0x00002869   Thumb Code    32  delay.o(.text.SysTick_Handler)
    SystemInit                               0x00002889   Thumb Code    82  system_s32k144.o(.text.SystemInit)
    delay_ms                                 0x000028dd   Thumb Code   102  delay.o(.text.delay_ms)
    init_data_bss                            0x00002945   Thumb Code   160  startup.o(.text.init_data_bss)
    isLeapYear                               0x000029e5   Thumb Code   132  main.o(.text.isLeapYear)
    main                                     0x00002a69   Thumb Code   496  main.o(.text.main)
    nvic_enable_interrupt                    0x00002c59   Thumb Code    62  nvic.o(.text.nvic_enable_interrupt)
    process_Normal_state                     0x00002c99   Thumb Code   404  main.o(.text.process_Normal_state)
    process_UART                             0x00002e2d   Thumb Code   984  main.o(.text.process_UART)
    process_number_led                       0x00003205   Thumb Code   212  lpspi.o(.text.process_number_led)
    process_number_led_DP                    0x000032d9   Thumb Code   212  lpspi.o(.text.process_number_led_DP)
    scg_spll_config                          0x000033ad   Thumb Code   258  scg.o(.text.scg_spll_config)
    __btod_div_common                        0x000034b1   Thumb Code   696  btod.o(CL$$btod_div_common)
    _e2d                                     0x000037e9   Thumb Code   122  btod.o(CL$$btod_e2d)
    _e2e                                     0x0000386d   Thumb Code   220  btod.o(CL$$btod_e2e)
    _btod_ediv                               0x00003949   Thumb Code    42  btod.o(CL$$btod_ediv)
    _btod_edivd                              0x00003973   Thumb Code    42  btod.o(CL$$btod_edivd)
    _btod_emul                               0x0000399d   Thumb Code    42  btod.o(CL$$btod_emul)
    _btod_emuld                              0x000039c7   Thumb Code    42  btod.o(CL$$btod_emuld)
    __btod_mult_common                       0x000039f1   Thumb Code   580  btod.o(CL$$btod_mult_common)
    __hardfp___mathlib_tofloat               0x00003c39   Thumb Code   232  narrow.o(i.__hardfp___mathlib_tofloat)
    __hardfp_ldexp                           0x00003d31   Thumb Code   200  ldexp.o(i.__hardfp_ldexp)
    __mathlib_dbl_overflow                   0x00003e01   Thumb Code    24  dunder.o(i.__mathlib_dbl_overflow)
    __mathlib_dbl_underflow                  0x00003e21   Thumb Code    24  dunder.o(i.__mathlib_dbl_underflow)
    __mathlib_narrow                         0x00003e41   Thumb Code    18  narrow.o(i.__mathlib_narrow)
    __support_ldexp                          0x00003e53   Thumb Code    20  ldexp.o(i.__support_ldexp)
    _is_digit                                0x00003e67   Thumb Code    14  scanf_fp.o(i._is_digit)
    frexp                                    0x00003e79   Thumb Code   118  frexp.o(i.frexp)
    _get_lc_numeric                          0x00003f05   Thumb Code    44  lc_numeric_c.o(locale$$code)
    _get_lc_ctype                            0x00003f31   Thumb Code    44  lc_ctype_c.o(locale$$code)
    __aeabi_d2f                              0x00003f5d   Thumb Code     0  d2f.o(x$fpl$d2f)
    _d2f                                     0x00003f5d   Thumb Code    98  d2f.o(x$fpl$d2f)
    __fpl_dcheck_NaN1                        0x00003fc1   Thumb Code    10  dcheck1.o(x$fpl$dcheck1)
    __fpl_dcmp_Inf                           0x00003fd1   Thumb Code    24  dcmpi.o(x$fpl$dcmpinf)
    __aeabi_cdcmpeq                          0x00003fe9   Thumb Code     0  deqf.o(x$fpl$deqf)
    _dcmpeq                                  0x00003fe9   Thumb Code   120  deqf.o(x$fpl$deqf)
    __aeabi_cdcmple                          0x00004061   Thumb Code     0  dleqf.o(x$fpl$dleqf)
    _dcmple                                  0x00004061   Thumb Code   120  dleqf.o(x$fpl$dleqf)
    __fpl_dcmple_InfNaN                      0x000040c3   Thumb Code     0  dleqf.o(x$fpl$dleqf)
    __aeabi_dmul                             0x000040d9   Thumb Code     0  dmul.o(x$fpl$dmul)
    _dmul                                    0x000040d9   Thumb Code   332  dmul.o(x$fpl$dmul)
    __fpl_dnaninf                            0x0000422d   Thumb Code   156  dnaninf.o(x$fpl$dnaninf)
    __fpl_dretinf                            0x000042c9   Thumb Code    12  dretinf.o(x$fpl$dretinf)
    __aeabi_cdrcmple                         0x000042d5   Thumb Code     0  drleqf.o(x$fpl$drleqf)
    _drcmple                                 0x000042d5   Thumb Code   108  drleqf.o(x$fpl$drleqf)
    _fp_init                                 0x00004341   Thumb Code    26  fpinit.o(x$fpl$fpinit)
    __fplib_config_fpu_vfp                   0x00004359   Thumb Code     0  fpinit.o(x$fpl$fpinit)
    __fplib_config_pureend_doubles           0x00004359   Thumb Code     0  fpinit.o(x$fpl$fpinit)
    __fpl_fretinf                            0x0000435b   Thumb Code    10  fretinf.o(x$fpl$fretinf)
    __ieee_status                            0x00004365   Thumb Code     6  istatus.o(x$fpl$ieeestatus)
    __fpl_return_NaN                         0x0000436b   Thumb Code   100  retnan.o(x$fpl$retnan)
    __ARM_scalbn                             0x000043cf   Thumb Code    92  scalbn.o(x$fpl$scalbn)
    _scanf_real                              0x0000442b   Thumb Code     4  scanf1.o(x$fpl$scanf1)
    _scanf_hex_real                          0x0000442f   Thumb Code     4  scanf2.o(x$fpl$scanf2)
    _scanf_infnan                            0x00004433   Thumb Code     4  scanf2.o(x$fpl$scanf2)
    __fpl_cmpreturn                          0x00004437   Thumb Code    48  trapv.o(x$fpl$trapveneer)
    __I$use$fp                               0x00004466   Number         0  usenofp.o(x$fpl$usenofp)
    Region$$Table$$Base                      0x00004468   Number         0  anon$$obj.o(Region$$Table)
    Image$$ER_m_text$$Limit                  0x00004488   Number         0  anon$$obj.o ABSOLUTE
    Region$$Table$$Limit                     0x00004488   Number         0  anon$$obj.o(Region$$Table)
    Image$$VECTOR_RAM$$Base                  0x1fff8000   Number         0  anon$$obj.o ABSOLUTE
    Image$$RW_m_data$$Base                   0x1fff8400   Number         0  anon$$obj.o ABSOLUTE
    __ARM_use_no_argv                        0x1fff8400   Data           4  main.o(.ARM.use_no_argv)
    Image$$RW_m_code$$Base                   0x1fff8410   Number         0  anon$$obj.o ABSOLUTE
    Image$$RW_m_code$$Limit                  0x1fff8410   Number         0  anon$$obj.o ABSOLUTE
    Image$$RW_m_data$$Limit                  0x1fff8410   Number         0  anon$$obj.o ABSOLUTE
    Image$$RW_m_custom_section$$Base         0x20000000   Number         0  anon$$obj.o ABSOLUTE
    Image$$RW_m_custom_section$$Limit        0x20000000   Number         0  anon$$obj.o ABSOLUTE
    Image$$RW_m_data_2$$ZI$$Base             0x20000000   Number         0  anon$$obj.o ABSOLUTE
    __libspace_start                         0x20000000   Data          96  libspace.o(.bss)
    __temporary_stack_top$libspace           0x20000060   Data           0  libspace.o(.bss)
    Image$$ARM_LIB_HEAP$$ZI$$Base            0x2000017c   Number         0  anon$$obj.o ABSOLUTE
    Image$$RW_m_data_2$$ZI$$Limit            0x2000017c   Number         0  anon$$obj.o ABSOLUTE
    Image$$ARM_LIB_HEAP$$ZI$$Limit           0x2000057c   Number         0  anon$$obj.o ABSOLUTE
    Image$$ARM_LIB_STACK$$Limit              0x20006c00   Number         0  anon$$obj.o ABSOLUTE
    Image$$ARM_LIB_STACK$$ZI$$Limit          0x20007000   Number         0  anon$$obj.o ABSOLUTE



==============================================================================

Memory Map of the image

  Image Entry point : 0x00000671

  Load Region LR_m_text (Base: 0x00000000, Size: 0x00004498, Max: 0x00080000, ABSOLUTE)

    Execution Region VECTOR_ROM (Exec base: 0x00000000, Load base: 0x00000000, Size: 0x00000230, Max: 0x00000400, ABSOLUTE)

    Exec Addr    Load Addr    Size         Type   Attr      Idx    E Section Name        Object

    0x00000000   0x00000000   0x00000230   Data   RO          189    RESET               startup_s32k144.o


    Execution Region ER_m_flash_config (Exec base: 0x00000400, Load base: 0x00000400, Size: 0x00000010, Max: 0x00000010, ABSOLUTE, FIXED)

    Exec Addr    Load Addr    Size         Type   Attr      Idx    E Section Name        Object

    0x00000400   0x00000400   0x00000010   Data   RO          190    FlashConfig         startup_s32k144.o


    Execution Region ER_m_text_const (Exec base: 0x00000410, Load base: 0x00000410, Size: 0x00000260, Max: 0xffffffff, ABSOLUTE)

    Exec Addr    Load Addr    Size         Type   Attr      Idx    E Section Name        Object

    0x00000410   0x00000410   0x00000094   Data   RO          297    .constdata          c_w.l(bigflt0.o)
    0x000004a4   0x000004a4   0x00000004   Data   RO          182    .rodata.s_vectors   startup.o
    0x000004a8   0x000004a8   0x0000008a   Data   RO           31    .rodata.str1.1      main.o
    0x00000532   0x00000532   0x00000002   PAD
    0x00000534   0x00000534   0x00000008   Data   RO          337    c$$dinf             fz_wm.l(fpconst.o)
    0x0000053c   0x0000053c   0x00000008   Data   RO          340    c$$dmax             fz_wm.l(fpconst.o)
    0x00000544   0x00000544   0x0000001c   Data   RO          324    locale$$data        c_w.l(lc_numeric_c.o)
    0x00000560   0x00000560   0x00000110   Data   RO          394    locale$$data        c_w.l(lc_ctype_c.o)


    Execution Region ER_m_text (Exec base: 0x00000670, Load base: 0x00000670, Size: 0x00003e18, Max: 0x0007fbf0, ABSOLUTE)

    Exec Addr    Load Addr    Size         Type   Attr      Idx    E Section Name        Object

    0x00000670   0x00000670   0x00000008   Code   RO          217  * !!!main             c_w.l(__main.o)
    0x00000678   0x00000678   0x00000034   Code   RO          602    !!!scatter          c_w.l(__scatter.o)
    0x000006ac   0x000006ac   0x0000001a   Code   RO          604    !!handler_copy      c_w.l(__scatter_copy.o)
    0x000006c6   0x000006c6   0x00000002   PAD
    0x000006c8   0x000006c8   0x0000001c   Code   RO          606    !!handler_zi        c_w.l(__scatter_zi.o)
    0x000006e4   0x000006e4   0x00000002   Code   RO          336    .ARM.Collect$$libinit$$00000000  c_w.l(libinit.o)
    0x000006e6   0x000006e6   0x00000004   Code   RO          399    .ARM.Collect$$libinit$$00000001  c_w.l(libinit2.o)
    0x000006ea   0x000006ea   0x00000000   Code   RO          402    .ARM.Collect$$libinit$$00000004  c_w.l(libinit2.o)
    0x000006ea   0x000006ea   0x00000000   Code   RO          404    .ARM.Collect$$libinit$$00000006  c_w.l(libinit2.o)
    0x000006ea   0x000006ea   0x00000000   Code   RO          407    .ARM.Collect$$libinit$$0000000C  c_w.l(libinit2.o)
    0x000006ea   0x000006ea   0x00000000   Code   RO          409    .ARM.Collect$$libinit$$0000000E  c_w.l(libinit2.o)
    0x000006ea   0x000006ea   0x00000000   Code   RO          411    .ARM.Collect$$libinit$$00000010  c_w.l(libinit2.o)
    0x000006ea   0x000006ea   0x00000006   Code   RO          412    .ARM.Collect$$libinit$$00000011  c_w.l(libinit2.o)
    0x000006f0   0x000006f0   0x00000000   Code   RO          414    .ARM.Collect$$libinit$$00000013  c_w.l(libinit2.o)
    0x000006f0   0x000006f0   0x0000000c   Code   RO          415    .ARM.Collect$$libinit$$00000014  c_w.l(libinit2.o)
    0x000006fc   0x000006fc   0x00000000   Code   RO          416    .ARM.Collect$$libinit$$00000015  c_w.l(libinit2.o)
    0x000006fc   0x000006fc   0x00000000   Code   RO          418    .ARM.Collect$$libinit$$00000017  c_w.l(libinit2.o)
    0x000006fc   0x000006fc   0x0000000a   Code   RO          419    .ARM.Collect$$libinit$$00000018  c_w.l(libinit2.o)
    0x00000706   0x00000706   0x00000000   Code   RO          420    .ARM.Collect$$libinit$$00000019  c_w.l(libinit2.o)
    0x00000706   0x00000706   0x00000000   Code   RO          422    .ARM.Collect$$libinit$$0000001B  c_w.l(libinit2.o)
    0x00000706   0x00000706   0x00000000   Code   RO          424    .ARM.Collect$$libinit$$0000001D  c_w.l(libinit2.o)
    0x00000706   0x00000706   0x00000000   Code   RO          426    .ARM.Collect$$libinit$$0000001F  c_w.l(libinit2.o)
    0x00000706   0x00000706   0x00000000   Code   RO          428    .ARM.Collect$$libinit$$00000021  c_w.l(libinit2.o)
    0x00000706   0x00000706   0x00000000   Code   RO          430    .ARM.Collect$$libinit$$00000023  c_w.l(libinit2.o)
    0x00000706   0x00000706   0x00000000   Code   RO          432    .ARM.Collect$$libinit$$00000025  c_w.l(libinit2.o)
    0x00000706   0x00000706   0x00000000   Code   RO          434    .ARM.Collect$$libinit$$00000027  c_w.l(libinit2.o)
    0x00000706   0x00000706   0x00000000   Code   RO          438    .ARM.Collect$$libinit$$0000002E  c_w.l(libinit2.o)
    0x00000706   0x00000706   0x00000000   Code   RO          440    .ARM.Collect$$libinit$$00000030  c_w.l(libinit2.o)
    0x00000706   0x00000706   0x00000000   Code   RO          442    .ARM.Collect$$libinit$$00000032  c_w.l(libinit2.o)
    0x00000706   0x00000706   0x00000000   Code   RO          444    .ARM.Collect$$libinit$$00000034  c_w.l(libinit2.o)
    0x00000706   0x00000706   0x00000002   Code   RO          445    .ARM.Collect$$libinit$$00000035  c_w.l(libinit2.o)
    0x00000708   0x00000708   0x00000002   Code   RO          507    .ARM.Collect$$libshutdown$$00000000  c_w.l(libshutdown.o)
    0x0000070a   0x0000070a   0x00000000   Code   RO          537    .ARM.Collect$$libshutdown$$00000002  c_w.l(libshutdown2.o)
    0x0000070a   0x0000070a   0x00000000   Code   RO          539    .ARM.Collect$$libshutdown$$00000004  c_w.l(libshutdown2.o)
    0x0000070a   0x0000070a   0x00000000   Code   RO          542    .ARM.Collect$$libshutdown$$00000007  c_w.l(libshutdown2.o)
    0x0000070a   0x0000070a   0x00000000   Code   RO          545    .ARM.Collect$$libshutdown$$0000000A  c_w.l(libshutdown2.o)
    0x0000070a   0x0000070a   0x00000000   Code   RO          547    .ARM.Collect$$libshutdown$$0000000C  c_w.l(libshutdown2.o)
    0x0000070a   0x0000070a   0x00000000   Code   RO          550    .ARM.Collect$$libshutdown$$0000000F  c_w.l(libshutdown2.o)
    0x0000070a   0x0000070a   0x00000002   Code   RO          551    .ARM.Collect$$libshutdown$$00000010  c_w.l(libshutdown2.o)
    0x0000070c   0x0000070c   0x00000000   Code   RO          219    .ARM.Collect$$rtentry$$00000000  c_w.l(__rtentry.o)
    0x0000070c   0x0000070c   0x00000000   Code   RO          241    .ARM.Collect$$rtentry$$00000002  c_w.l(__rtentry2.o)
    0x0000070c   0x0000070c   0x00000004   Code   RO          255    .ARM.Collect$$rtentry$$00000007  c_w.l(__rtentry7.o)
    0x00000710   0x00000710   0x00000000   Code   RO          243    .ARM.Collect$$rtentry$$00000009  c_w.l(__rtentry2.o)
    0x00000710   0x00000710   0x00000004   Code   RO          244    .ARM.Collect$$rtentry$$0000000A  c_w.l(__rtentry2.o)
    0x00000714   0x00000714   0x00000000   Code   RO          246    .ARM.Collect$$rtentry$$0000000C  c_w.l(__rtentry2.o)
    0x00000714   0x00000714   0x00000008   Code   RO          247    .ARM.Collect$$rtentry$$0000000D  c_w.l(__rtentry2.o)
    0x0000071c   0x0000071c   0x00000004   Code   RO          256    .ARM.Collect$$rtentry$$00002718  c_w.l(__rtentry7.o)
    0x00000720   0x00000720   0x00000002   Code   RO          365    .ARM.Collect$$rtexit$$00000000  c_w.l(rtexit.o)
    0x00000722   0x00000722   0x00000000   Code   RO          466    .ARM.Collect$$rtexit$$00000002  c_w.l(rtexit2.o)
    0x00000722   0x00000722   0x00000004   Code   RO          467    .ARM.Collect$$rtexit$$00000003  c_w.l(rtexit2.o)
    0x00000726   0x00000726   0x00000006   Code   RO          468    .ARM.Collect$$rtexit$$00000004  c_w.l(rtexit2.o)
    0x0000072c   0x0000072c   0x0000009c   Code   RO          188    .text               startup_s32k144.o
    0x000007c8   0x000007c8   0x0000003c   Code   RO          213    .text               c_w.l(sscanf.o)
    0x00000804   0x00000804   0x00000044   Code   RO          215    .text               c_w.l(rt_memclr.o)
    0x00000848   0x00000848   0x00000156   Code   RO          220    .text               c_w.l(_scanf_longlong.o)
    0x0000099e   0x0000099e   0x0000014c   Code   RO          222    .text               c_w.l(_scanf_int.o)
    0x00000aea   0x00000aea   0x000000e0   Code   RO          224    .text               c_w.l(_scanf_str.o)
    0x00000bca   0x00000bca   0x00000002   PAD
    0x00000bcc   0x00000bcc   0x0000002c   Code   RO          226    .text               c_w.l(scanf_char.o)
    0x00000bf8   0x00000bf8   0x00000040   Code   RO          228    .text               c_w.l(_sgetc.o)
    0x00000c38   0x00000c38   0x00000114   Code   RO          230    .text               c_w.l(_scanf_mbtowc.o)
    0x00000d4c   0x00000d4c   0x000000e8   Code   RO          232    .text               c_w.l(_scanf_wctomb.o)
    0x00000e34   0x00000e34   0x000000d0   Code   RO          234    .text               c_w.l(_scanf_wstr.o)
    0x00000f04   0x00000f04   0x0000004e   Code   RO          236    .text               c_w.l(rt_memclr_w.o)
    0x00000f52   0x00000f52   0x00000012   Code   RO          260    .text               c_w.l(isspace.o)
    0x00000f64   0x00000f64   0x0000001c   Code   RO          262    .text               c_w.l(_chval.o)
    0x00000f80   0x00000f80   0x00000374   Code   RO          264    .text               c_w.l(_scanf.o)
    0x000012f4   0x000012f4   0x000004f8   Code   RO          266    .text               c_w.l(scanf_fp.o)
    0x000017ec   0x000017ec   0x0000001e   Code   RO          272    .text               c_w.l(_scanf_wcharmap.o)
    0x0000180a   0x0000180a   0x00000040   Code   RO          274    .text               c_w.l(_mbrtoc16.o)
    0x0000184a   0x0000184a   0x00000048   Code   RO          276    .text               c_w.l(_c16rtomb.o)
    0x00001892   0x00001892   0x00000002   PAD
    0x00001894   0x00001894   0x00000010   Code   RO          280    .text               c_w.l(rt_ctype_table.o)
    0x000018a4   0x000018a4   0x00000008   Code   RO          285    .text               c_w.l(rt_locale_intlibspace.o)
    0x000018ac   0x000018ac   0x00000008   Code   RO          290    .text               c_w.l(rt_errno_addr_intlibspace.o)
    0x000018b4   0x000018b4   0x00000026   Code   RO          292    .text               c_w.l(llshl.o)
    0x000018da   0x000018da   0x00000002   PAD
    0x000018dc   0x000018dc   0x000000e4   Code   RO          296    .text               c_w.l(bigflt0.o)
    0x000019c0   0x000019c0   0x00000012   Code   RO          327    .text               c_w.l(exit.o)
    0x000019d2   0x000019d2   0x00000016   Code   RO          367    .text               c_w.l(_rserrno.o)
    0x000019e8   0x000019e8   0x00000320   Code   RO          388    .text               c_w.l(scanf_hexfp.o)
    0x00001d08   0x00001d08   0x00000134   Code   RO          390    .text               c_w.l(scanf_infnan.o)
    0x00001e3c   0x00001e3c   0x00000004   PAD
    0x00001e40   0x00001e40   0x0000007c   Code   RO          397    .text               c_w.l(strcmpv7em.o)
    0x00001ebc   0x00001ebc   0x00000002   Code   RO          462    .text               c_w.l(use_no_semi.o)
    0x00001ebe   0x00001ebe   0x00000000   Code   RO          464    .text               c_w.l(indicate_semi.o)
    0x00001ebe   0x00001ebe   0x00000002   PAD
    0x00001ec0   0x00001ec0   0x0000000c   Code   RO          497    .text               c_w.l(sys_exit.o)
    0x00001ecc   0x00001ecc   0x00000140   Code   RO           23    .text.LPIT0_Ch0_IRQHandler  main.o
    0x0000200c   0x0000200c   0x0000006e   Code   RO          138    .text.LPIT_init_MOCK  lpit.o
    0x0000207a   0x0000207a   0x00000002   PAD
    0x0000207c   0x0000207c   0x000000b2   Code   RO          171    .text.LPSPI0_Intensity_led  lpspi.o
    0x0000212e   0x0000212e   0x00000002   PAD
    0x00002130   0x00002130   0x000000fa   Code   RO          167    .text.LPSPI0_hour_m_s  lpspi.o
    0x0000222a   0x0000222a   0x00000002   PAD
    0x0000222c   0x0000222c   0x00000038   Code   RO          161    .text.LPSPI0_transmit_mode_16bits  lpspi.o
    0x00002264   0x00002264   0x00000166   Code   RO          169    .text.LPSPI0_year_m_d  lpspi.o
    0x000023ca   0x000023ca   0x00000002   PAD
    0x000023cc   0x000023cc   0x00000090   Code   RO          155    .text.LPSPI_init    lpspi.o
    0x0000245c   0x0000245c   0x0000002e   Code   RO           21    .text.LPUART1_RxTx_IRQHandler  main.o
    0x0000248a   0x0000248a   0x00000002   PAD
    0x0000248c   0x0000248c   0x0000004c   Code   RO          117    .text.LPUART1_init_MOCK  lpuart.o
    0x000024d8   0x000024d8   0x0000002e   Code   RO          125    .text.LPUART1_receive_char  lpuart.o
    0x00002506   0x00002506   0x00000002   PAD
    0x00002508   0x00002508   0x00000036   Code   RO          121    .text.LPUART1_transmit_char  lpuart.o
    0x0000253e   0x0000253e   0x00000002   PAD
    0x00002540   0x00002540   0x0000002c   Code   RO          123    .text.LPUART1_transmit_string  lpuart.o
    0x0000256c   0x0000256c   0x000001ce   Code   RO           25    .text.PORTC_IRQHandler  main.o
    0x0000273a   0x0000273a   0x00000002   PAD
    0x0000273c   0x0000273c   0x0000005e   Code   RO           13    .text.PORT_C_switch_PIN12_13  main.o
    0x0000279a   0x0000279a   0x00000002   PAD
    0x0000279c   0x0000279c   0x00000044   Code   RO           11    .text.PORT_D_GREEN_LED  main.o
    0x000027e0   0x000027e0   0x00000034   Code   RO            7    .text.PORT_init     main.o
    0x00002814   0x00002814   0x00000054   Code   RO            9    .text.PORT_init_LPSPI  main.o
    0x00002868   0x00002868   0x00000020   Code   RO           80    .text.SysTick_Handler  delay.o
    0x00002888   0x00002888   0x00000052   Code   RO          197    .text.SystemInit    system_s32k144.o
    0x000028da   0x000028da   0x00000002   PAD
    0x000028dc   0x000028dc   0x00000066   Code   RO           78    .text.delay_ms      delay.o
    0x00002942   0x00002942   0x00000002   PAD
    0x00002944   0x00002944   0x000000a0   Code   RO          180    .text.init_data_bss  startup.o
    0x000029e4   0x000029e4   0x00000084   Code   RO           27    .text.isLeapYear    main.o
    0x00002a68   0x00002a68   0x000001f0   Code   RO            5    .text.main          main.o
    0x00002c58   0x00002c58   0x0000003e   Code   RO           59    .text.nvic_enable_interrupt  nvic.o
    0x00002c96   0x00002c96   0x00000002   PAD
    0x00002c98   0x00002c98   0x00000194   Code   RO           17    .text.process_Normal_state  main.o
    0x00002e2c   0x00002e2c   0x000003d8   Code   RO           15    .text.process_UART  main.o
    0x00003204   0x00003204   0x000000d4   Code   RO          163    .text.process_number_led  lpspi.o
    0x000032d8   0x000032d8   0x000000d4   Code   RO          165    .text.process_number_led_DP  lpspi.o
    0x000033ac   0x000033ac   0x00000102   Code   RO          102    .text.scg_spll_config  scg.o
    0x000034ae   0x000034ae   0x00000002   PAD
    0x000034b0   0x000034b0   0x00000338   Code   RO          309    CL$$btod_div_common  c_w.l(btod.o)
    0x000037e8   0x000037e8   0x00000084   Code   RO          307    CL$$btod_e2d        c_w.l(btod.o)
    0x0000386c   0x0000386c   0x000000dc   Code   RO          306    CL$$btod_e2e        c_w.l(btod.o)
    0x00003948   0x00003948   0x0000002a   Code   RO          303    CL$$btod_ediv       c_w.l(btod.o)
    0x00003972   0x00003972   0x0000002a   Code   RO          305    CL$$btod_edivd      c_w.l(btod.o)
    0x0000399c   0x0000399c   0x0000002a   Code   RO          302    CL$$btod_emul       c_w.l(btod.o)
    0x000039c6   0x000039c6   0x0000002a   Code   RO          304    CL$$btod_emuld      c_w.l(btod.o)
    0x000039f0   0x000039f0   0x00000244   Code   RO          308    CL$$btod_mult_common  c_w.l(btod.o)
    0x00003c34   0x00003c34   0x00000004   PAD
    0x00003c38   0x00003c38   0x000000f8   Code   RO          350    i.__hardfp___mathlib_tofloat  m_wm.l(narrow.o)
    0x00003d30   0x00003d30   0x000000d0   Code   RO          489    i.__hardfp_ldexp    m_wm.l(ldexp.o)
    0x00003e00   0x00003e00   0x00000020   Code   RO          516    i.__mathlib_dbl_overflow  m_wm.l(dunder.o)
    0x00003e20   0x00003e20   0x00000020   Code   RO          518    i.__mathlib_dbl_underflow  m_wm.l(dunder.o)
    0x00003e40   0x00003e40   0x00000012   Code   RO          351    i.__mathlib_narrow  m_wm.l(narrow.o)
    0x00003e52   0x00003e52   0x00000014   Code   RO          491    i.__support_ldexp   m_wm.l(ldexp.o)
    0x00003e66   0x00003e66   0x0000000e   Code   RO          268    i._is_digit         c_w.l(scanf_fp.o)
    0x00003e74   0x00003e74   0x00000004   PAD
    0x00003e78   0x00003e78   0x0000008c   Code   RO          458    i.frexp             m_wm.l(frexp.o)
    0x00003f04   0x00003f04   0x0000002c   Code   RO          325    locale$$code        c_w.l(lc_numeric_c.o)
    0x00003f30   0x00003f30   0x0000002c   Code   RO          395    locale$$code        c_w.l(lc_ctype_c.o)
    0x00003f5c   0x00003f5c   0x00000062   Code   RO          450    x$fpl$d2f           fz_wm.l(d2f.o)
    0x00003fbe   0x00003fbe   0x00000002   PAD
    0x00003fc0   0x00003fc0   0x00000010   Code   RO          558    x$fpl$dcheck1       fz_wm.l(dcheck1.o)
    0x00003fd0   0x00003fd0   0x00000018   Code   RO          477    x$fpl$dcmpinf       fz_wm.l(dcmpi.o)
    0x00003fe8   0x00003fe8   0x00000078   Code   RO          452    x$fpl$deqf          fz_wm.l(deqf.o)
    0x00004060   0x00004060   0x00000078   Code   RO          479    x$fpl$dleqf         fz_wm.l(dleqf.o)
    0x000040d8   0x000040d8   0x00000154   Code   RO          481    x$fpl$dmul          fz_wm.l(dmul.o)
    0x0000422c   0x0000422c   0x0000009c   Code   RO          483    x$fpl$dnaninf       fz_wm.l(dnaninf.o)
    0x000042c8   0x000042c8   0x0000000c   Code   RO          508    x$fpl$dretinf       fz_wm.l(dretinf.o)
    0x000042d4   0x000042d4   0x0000006c   Code   RO          454    x$fpl$drleqf        fz_wm.l(drleqf.o)
    0x00004340   0x00004340   0x0000001a   Code   RO          485    x$fpl$fpinit        fz_wm.l(fpinit.o)
    0x0000435a   0x0000435a   0x0000000a   Code   RO          487    x$fpl$fretinf       fz_wm.l(fretinf.o)
    0x00004364   0x00004364   0x00000006   Code   RO          341    x$fpl$ieeestatus    fz_wm.l(istatus.o)
    0x0000436a   0x0000436a   0x00000064   Code   RO          570    x$fpl$retnan        fz_wm.l(retnan.o)
    0x000043ce   0x000043ce   0x0000005c   Code   RO          510    x$fpl$scalbn        fz_wm.l(scalbn.o)
    0x0000442a   0x0000442a   0x00000004   Code   RO          238    x$fpl$scanf1        fz_wm.l(scanf1.o)
    0x0000442e   0x0000442e   0x00000008   Code   RO          343    x$fpl$scanf2        fz_wm.l(scanf2.o)
    0x00004436   0x00004436   0x00000030   Code   RO          576    x$fpl$trapveneer    fz_wm.l(trapv.o)
    0x00004466   0x00004466   0x00000000   Code   RO          349    x$fpl$usenofp       fz_wm.l(usenofp.o)
    0x00004466   0x00004466   0x00000002   PAD
    0x00004468   0x00004468   0x00000020   Data   RO          601    Region$$Table       anon$$obj.o


    Execution Region VECTOR_RAM (Exec base: 0x1fff8000, Load base: 0x00000230, Size: 0x00000400, Max: 0x00000400, ABSOLUTE)

    Exec Addr    Load Addr    Size         Type   Attr      Idx    E Section Name        Object

    0x1fff8000        -       0x00000400   Zero   RW            1    VECTOR_RAM.bss      anon$$obj.o


    Execution Region RW_m_data (Exec base: 0x1fff8400, Load base: 0x00004488, Size: 0x00000010, Max: 0xffffffff, ABSOLUTE)

    Exec Addr    Load Addr    Size         Type   Attr      Idx    E Section Name        Object

    0x1fff8400   0x00004488   0x00000004   Data   RW           51    .ARM.use_no_argv    main.o
    0x1fff8404   0x0000448c   0x00000001   Data   RW           37    .data.day           main.o
    0x1fff8405   0x0000448d   0x00000001   Data   RW           34    .data.hour          main.o
    0x1fff8406   0x0000448e   0x00000001   Data   RW           47    .data.intensity_val  main.o
    0x1fff8407   0x0000448f   0x00000001   Data   RW           38    .data.month         main.o
    0x1fff8408   0x00004490   0x00000004   Data   RW           33    .data.normal_state  main.o
    0x1fff840c   0x00004494   0x00000001   Data   RW           42    .data.second_alarm  main.o
    0x1fff840d   0x00004495   0x00000001   PAD
    0x1fff840e   0x00004496   0x00000002   Data   RW           39    .data.year          main.o


    Execution Region RW_m_code (Exec base: 0x1fff8410, Load base: 0x00004498, Size: 0x00000000, Max: 0x00007c00, ABSOLUTE)

    **** No section assigned to this execution region ****


    Execution Region RW_m_custom_section (Exec base: 0x20000000, Load base: 0x00004498, Size: 0x00000000, Max: 0xffffffff, ABSOLUTE)

    **** No section assigned to this execution region ****


    Execution Region RW_m_data_2 (Exec base: 0x20000000, Load base: 0x00004498, Size: 0x0000017c, Max: 0x00006800, ABSOLUTE)

    Exec Addr    Load Addr    Size         Type   Attr      Idx    E Section Name        Object

    0x20000000        -       0x00000060   Zero   RW          359    .bss                c_w.l(libspace.o)
    0x20000060        -       0x00000001   Zero   RW           48    .bss.Comlete_display  main.o
    0x20000061        -       0x00000001   Zero   RW           46    .bss.LPIT_timer_count  main.o
    0x20000062   0x00004498   0x00000002   PAD
    0x20000064        -       0x00000004   Zero   RW           50    .bss.char_count     main.o
    0x20000068        -       0x00000001   Zero   RW           49    .bss.daysInMonth    main.o
    0x20000069   0x00004498   0x00000003   PAD
    0x2000006c        -       0x00000004   Zero   RW           82    .bss.delay_counter  delay.o
    0x20000070        -       0x00000001   Zero   RW           40    .bss.hour_alarm     main.o
    0x20000071        -       0x00000001   Zero   RW           35    .bss.minute         main.o
    0x20000072        -       0x00000001   Zero   RW           41    .bss.minute_alarm   main.o
    0x20000073        -       0x000000ff   Zero   RW           44    .bss.rxBuffer       main.o
    0x20000172        -       0x00000001   Zero   RW           45    .bss.rxIndex        main.o
    0x20000173        -       0x00000001   Zero   RW           36    .bss.second         main.o
    0x20000174        -       0x00000004   Zero   RW           32    .bss.state_day_or_hour  main.o
    0x20000178        -       0x00000001   Zero   RW           43    .bss.wakeup_alarm   main.o


    Execution Region ARM_LIB_HEAP (Exec base: 0x2000017c, Load base: 0x00004498, Size: 0x00000400, Max: 0x00000400, ABSOLUTE)

    Exec Addr    Load Addr    Size         Type   Attr      Idx    E Section Name        Object

    0x2000017c        -       0x00000400   Zero   RW            2    ARM_LIB_HEAP.bss    anon$$obj.o


    Execution Region ARM_LIB_STACK (Exec base: 0x20006c00, Load base: 0x00004498, Size: 0x00000400, Max: 0x00000400, ABSOLUTE)

    Exec Addr    Load Addr    Size         Type   Attr      Idx    E Section Name        Object

    0x20006c00        -       0x00000400   Zero   RW            3    ARM_LIB_STACK.bss   anon$$obj.o


==============================================================================

Image component sizes


      Code (inc. data)   RO Data    RW Data    ZI Data      Debug   Object Name

       134          0          0          0          4       1709   delay.o
       110          0          0          0          0       4750   lpit.o
      1410          0          0          0          0       7886   lpspi.o
       220          0          0          0          0       5256   lpuart.o
      3142          0        138         15        272      13604   main.o
        62          0          0          0          0       3765   nvic.o
       258          0          0          0          0       3928   scg.o
       160          0          4          0          0       1082   startup.o
       156        106        576          0          0        936   startup_s32k144.o
        82          0          0          0          0       2851   system_s32k144.o

    ----------------------------------------------------------------------
      5760        106        752         16       3356      45767   Object Totals
         0          0         32          0       3072          0   (incl. Generated)
        26          0          2          1          8          0   (incl. Padding)

    ----------------------------------------------------------------------

      Code (inc. data)   RO Data    RW Data    ZI Data      Debug   Library Member Name

         8          0          0          0          0         68   __main.o
         0          0          0          0          0          0   __rtentry.o
        12          0          0          0          0          0   __rtentry2.o
         8          4          0          0          0          0   __rtentry7.o
        52          8          0          0          0          0   __scatter.o
        26          0          0          0          0          0   __scatter_copy.o
        28          0          0          0          0          0   __scatter_zi.o
        72          0          0          0          0         96   _c16rtomb.o
        28          0          0          0          0         68   _chval.o
        64          0          0          0          0         84   _mbrtoc16.o
        22          0          0          0          0        100   _rserrno.o
       884          6          0          0          0        100   _scanf.o
       332          0          0          0          0         96   _scanf_int.o
       342          0          0          0          0        100   _scanf_longlong.o
       276          0          0          0          0        100   _scanf_mbtowc.o
       224          0          0          0          0         96   _scanf_str.o
        30          0          0          0          0         76   _scanf_wcharmap.o
       232          0          0          0          0        100   _scanf_wctomb.o
       208          0          0          0          0         96   _scanf_wstr.o
        64          0          0          0          0         84   _sgetc.o
       228          4        148          0          0         96   bigflt0.o
      1924        136          0          0          0        752   btod.o
        18          0          0          0          0         80   exit.o
         0          0          0          0          0          0   indicate_semi.o
        18          0          0          0          0         76   isspace.o
        44         10        272          0          0         76   lc_ctype_c.o
        44         10         28          0          0         76   lc_numeric_c.o
         2          0          0          0          0          0   libinit.o
        34          0          0          0          0          0   libinit2.o
         2          0          0          0          0          0   libshutdown.o
         2          0          0          0          0          0   libshutdown2.o
         0          0          0          0         96          0   libspace.o
        38          0          0          0          0         68   llshl.o
        16          4          0          0          0         76   rt_ctype_table.o
         8          4          0          0          0         68   rt_errno_addr_intlibspace.o
         8          4          0          0          0         68   rt_locale_intlibspace.o
        68          0          0          0          0         68   rt_memclr.o
        78          0          0          0          0         80   rt_memclr_w.o
         2          0          0          0          0          0   rtexit.o
        10          0          0          0          0          0   rtexit2.o
        44          8          0          0          0         84   scanf_char.o
      1286         16          0          0          0        236   scanf_fp.o
       800         14          0          0          0        100   scanf_hexfp.o
       308         16          0          0          0        100   scanf_infnan.o
        60          8          0          0          0         84   sscanf.o
       124          0          0          0          0         88   strcmpv7em.o
        12          4          0          0          0         68   sys_exit.o
         2          0          0          0          0         68   use_no_semi.o
        98          4          0          0          0        140   d2f.o
        16          4          0          0          0        116   dcheck1.o
        24          0          0          0          0        116   dcmpi.o
       120          4          0          0          0        140   deqf.o
       120          4          0          0          0        140   dleqf.o
       340         12          0          0          0        152   dmul.o
       156          4          0          0          0        140   dnaninf.o
        12          0          0          0          0        116   dretinf.o
       108          0          0          0          0        128   drleqf.o
         0          0         16          0          0          0   fpconst.o
        26          0          0          0          0        116   fpinit.o
        10          0          0          0          0        116   fretinf.o
         6          0          0          0          0        116   istatus.o
       100          0          0          0          0        116   retnan.o
        92          0          0          0          0        116   scalbn.o
         4          0          0          0          0        116   scanf1.o
         8          0          0          0          0        132   scanf2.o
        48          0          0          0          0        116   trapv.o
         0          0          0          0          0          0   usenofp.o
        64         16          0          0          0        248   dunder.o
       140         22          0          0          0        132   frexp.o
       228          8          0          0          0        308   ldexp.o
       266         16          0          0          0        308   narrow.o

    ----------------------------------------------------------------------
     10104        354        464          0         96       6804   Library Totals
        26          4          0          0          0          0   (incl. Padding)

    ----------------------------------------------------------------------

      Code (inc. data)   RO Data    RW Data    ZI Data      Debug   Library Name

      8092        256        448          0         96       3676   c_w.l
      1288         32         16          0          0       2132   fz_wm.l
       698         62          0          0          0        996   m_wm.l

    ----------------------------------------------------------------------
     10104        354        464          0         96       6804   Library Totals

    ----------------------------------------------------------------------

==============================================================================


      Code (inc. data)   RO Data    RW Data    ZI Data      Debug   

     15864        460       1216         16       3452      48235   Grand Totals
     15864        460       1216         16       3452      48235   ELF Image Totals
     15864        460       1216         16          0          0   ROM Totals

==============================================================================

    Total RO  Size (Code + RO Data)                17080 (  16.68kB)
    Total RW  Size (RW Data + ZI Data)              3468 (   3.39kB)
    Total ROM Size (Code + RO Data + RW Data)      17096 (  16.70kB)

==============================================================================

